Component: ARM Compiler 5.06 update 6 (build 750) Tool: armlink [4d35ed]

==============================================================================

Section Cross References

    gd32f30x_adc.o(i.adc_deinit) refers to gd32f30x_rcu.o(i.rcu_periph_reset_enable) for rcu_periph_reset_enable
    gd32f30x_adc.o(i.adc_deinit) refers to gd32f30x_rcu.o(i.rcu_periph_reset_disable) for rcu_periph_reset_disable
    gd32f30x_bkp.o(i.bkp_deinit) refers to gd32f30x_rcu.o(i.rcu_bkp_reset_enable) for rcu_bkp_reset_enable
    gd32f30x_bkp.o(i.bkp_deinit) refers to gd32f30x_rcu.o(i.rcu_bkp_reset_disable) for rcu_bkp_reset_disable
    gd32f30x_can.o(i.can_debug_freeze_disable) refers to gd32f30x_dbg.o(i.dbg_periph_disable) for dbg_periph_disable
    gd32f30x_can.o(i.can_debug_freeze_enable) refers to gd32f30x_dbg.o(i.dbg_periph_enable) for dbg_periph_enable
    gd32f30x_can.o(i.can_deinit) refers to gd32f30x_rcu.o(i.rcu_periph_reset_enable) for rcu_periph_reset_enable
    gd32f30x_can.o(i.can_deinit) refers to gd32f30x_rcu.o(i.rcu_periph_reset_disable) for rcu_periph_reset_disable
    gd32f30x_can.o(i.can_interrupt_flag_get) refers to gd32f30x_can.o(i.can_receive_message_length_get) for can_receive_message_length_get
    gd32f30x_can.o(i.can_interrupt_flag_get) refers to gd32f30x_can.o(i.can_error_get) for can_error_get
    gd32f30x_ctc.o(i.ctc_deinit) refers to gd32f30x_rcu.o(i.rcu_periph_reset_enable) for rcu_periph_reset_enable
    gd32f30x_ctc.o(i.ctc_deinit) refers to gd32f30x_rcu.o(i.rcu_periph_reset_disable) for rcu_periph_reset_disable
    gd32f30x_dac.o(i.dac_deinit) refers to gd32f30x_rcu.o(i.rcu_periph_reset_enable) for rcu_periph_reset_enable
    gd32f30x_dac.o(i.dac_deinit) refers to gd32f30x_rcu.o(i.rcu_periph_reset_disable) for rcu_periph_reset_disable
    gd32f30x_dma.o(i.dma_channel_disable) refers to gd32f30x_dma.o(i.dma_periph_and_channel_check) for dma_periph_and_channel_check
    gd32f30x_dma.o(i.dma_channel_enable) refers to gd32f30x_dma.o(i.dma_periph_and_channel_check) for dma_periph_and_channel_check
    gd32f30x_dma.o(i.dma_circulation_disable) refers to gd32f30x_dma.o(i.dma_periph_and_channel_check) for dma_periph_and_channel_check
    gd32f30x_dma.o(i.dma_circulation_enable) refers to gd32f30x_dma.o(i.dma_periph_and_channel_check) for dma_periph_and_channel_check
    gd32f30x_dma.o(i.dma_deinit) refers to gd32f30x_dma.o(i.dma_periph_and_channel_check) for dma_periph_and_channel_check
    gd32f30x_dma.o(i.dma_init) refers to gd32f30x_dma.o(i.dma_periph_and_channel_check) for dma_periph_and_channel_check
    gd32f30x_dma.o(i.dma_interrupt_disable) refers to gd32f30x_dma.o(i.dma_periph_and_channel_check) for dma_periph_and_channel_check
    gd32f30x_dma.o(i.dma_interrupt_enable) refers to gd32f30x_dma.o(i.dma_periph_and_channel_check) for dma_periph_and_channel_check
    gd32f30x_dma.o(i.dma_memory_address_config) refers to gd32f30x_dma.o(i.dma_periph_and_channel_check) for dma_periph_and_channel_check
    gd32f30x_dma.o(i.dma_memory_increase_disable) refers to gd32f30x_dma.o(i.dma_periph_and_channel_check) for dma_periph_and_channel_check
    gd32f30x_dma.o(i.dma_memory_increase_enable) refers to gd32f30x_dma.o(i.dma_periph_and_channel_check) for dma_periph_and_channel_check
    gd32f30x_dma.o(i.dma_memory_to_memory_disable) refers to gd32f30x_dma.o(i.dma_periph_and_channel_check) for dma_periph_and_channel_check
    gd32f30x_dma.o(i.dma_memory_to_memory_enable) refers to gd32f30x_dma.o(i.dma_periph_and_channel_check) for dma_periph_and_channel_check
    gd32f30x_dma.o(i.dma_memory_width_config) refers to gd32f30x_dma.o(i.dma_periph_and_channel_check) for dma_periph_and_channel_check
    gd32f30x_dma.o(i.dma_periph_address_config) refers to gd32f30x_dma.o(i.dma_periph_and_channel_check) for dma_periph_and_channel_check
    gd32f30x_dma.o(i.dma_periph_increase_disable) refers to gd32f30x_dma.o(i.dma_periph_and_channel_check) for dma_periph_and_channel_check
    gd32f30x_dma.o(i.dma_periph_increase_enable) refers to gd32f30x_dma.o(i.dma_periph_and_channel_check) for dma_periph_and_channel_check
    gd32f30x_dma.o(i.dma_periph_width_config) refers to gd32f30x_dma.o(i.dma_periph_and_channel_check) for dma_periph_and_channel_check
    gd32f30x_dma.o(i.dma_priority_config) refers to gd32f30x_dma.o(i.dma_periph_and_channel_check) for dma_periph_and_channel_check
    gd32f30x_dma.o(i.dma_transfer_direction_config) refers to gd32f30x_dma.o(i.dma_periph_and_channel_check) for dma_periph_and_channel_check
    gd32f30x_dma.o(i.dma_transfer_number_config) refers to gd32f30x_dma.o(i.dma_periph_and_channel_check) for dma_periph_and_channel_check
    gd32f30x_dma.o(i.dma_transfer_number_get) refers to gd32f30x_dma.o(i.dma_periph_and_channel_check) for dma_periph_and_channel_check
    gd32f30x_enet.o(i.enet_deinit) refers to gd32f30x_rcu.o(i.rcu_periph_reset_enable) for rcu_periph_reset_enable
    gd32f30x_enet.o(i.enet_deinit) refers to gd32f30x_rcu.o(i.rcu_periph_reset_disable) for rcu_periph_reset_disable
[...]
    Removing gd32f30x_can.o(i.can_interrupt_flag_get), (116 bytes).
    Removing gd32f30x_can.o(i.can_message_receive), (228 bytes).
    Removing gd32f30x_can.o(i.can_message_transmit), (336 bytes).
    Removing gd32f30x_can.o(i.can_receive_error_number_get), (8 bytes).
    Removing gd32f30x_can.o(i.can_receive_message_length_get), (26 bytes).
    Removing gd32f30x_can.o(i.can_struct_para_init), (164 bytes).
    Removing gd32f30x_can.o(i.can_time_trigger_mode_disable), (48 bytes).
    Removing gd32f30x_can.o(i.can_time_trigger_mode_enable), (48 bytes).
    Removing gd32f30x_can.o(i.can_transmission_stop), (80 bytes).
    Removing gd32f30x_can.o(i.can_transmit_error_number_get), (10 bytes).
    Removing gd32f30x_can.o(i.can_transmit_states), (124 bytes).
    Removing gd32f30x_can.o(i.can_wakeup), (48 bytes).
    Removing gd32f30x_can.o(i.can_working_mode_set), (168 bytes).
    Removing gd32f30x_crc.o(.rev16_text), (4 bytes).
    Removing gd32f30x_crc.o(.revsh_text), (4 bytes).
    Removing gd32f30x_crc.o(i.crc_block_data_calculate), (36 bytes).
    Removing gd32f30x_crc.o(i.crc_data_register_read), (12 bytes).
    Removing gd32f30x_crc.o(i.crc_data_register_reset), (20 bytes).
    Removing gd32f30x_crc.o(i.crc_deinit), (24 bytes).
    Removing gd32f30x_crc.o(i.crc_free_data_register_read), (12 bytes).
    Removing gd32f30x_crc.o(i.crc_free_data_register_write), (12 bytes).
    Removing gd32f30x_crc.o(i.crc_single_data_calculate), (16 bytes).
    Removing gd32f30x_ctc.o(.rev16_text), (4 bytes).
    Removing gd32f30x_ctc.o(.revsh_text), (4 bytes).
    Removing gd32f30x_ctc.o(i.ctc_clock_limit_value_config), (28 bytes).
    Removing gd32f30x_ctc.o(i.ctc_counter_capture_value_read), (16 bytes).
    Removing gd32f30x_ctc.o(i.ctc_counter_direction_read), (24 bytes).
    Removing gd32f30x_ctc.o(i.ctc_counter_disable), (20 bytes).
    Removing gd32f30x_ctc.o(i.ctc_counter_enable), (20 bytes).
    Removing gd32f30x_ctc.o(i.ctc_counter_reload_value_config), (28 bytes).
    Removing gd32f30x_ctc.o(i.ctc_counter_reload_value_read), (16 bytes).
    Removing gd32f30x_ctc.o(i.ctc_deinit), (20 bytes).
    Removing gd32f30x_ctc.o(i.ctc_flag_clear), (36 bytes).
    Removing gd32f30x_ctc.o(i.ctc_flag_get), (24 bytes).
    Removing gd32f30x_ctc.o(i.ctc_hardware_trim_mode_config), (28 bytes).
    Removing gd32f30x_ctc.o(i.ctc_interrupt_disable), (16 bytes).
    Removing gd32f30x_ctc.o(i.ctc_interrupt_enable), (16 bytes).
    Removing gd32f30x_ctc.o(i.ctc_interrupt_flag_clear), (36 bytes).
    Removing gd32f30x_ctc.o(i.ctc_interrupt_flag_get), (56 bytes).
    Removing gd32f30x_ctc.o(i.ctc_irc48m_trim_value_config), (28 bytes).
    Removing gd32f30x_ctc.o(i.ctc_irc48m_trim_value_read), (16 bytes).
    Removing gd32f30x_ctc.o(i.ctc_refsource_polarity_config), (28 bytes).
    Removing gd32f30x_ctc.o(i.ctc_refsource_prescaler_config), (28 bytes).
    Removing gd32f30x_ctc.o(i.ctc_refsource_signal_select), (28 bytes).
    Removing gd32f30x_ctc.o(i.ctc_software_refsource_pulse_generate), (20 bytes).
    Removing gd32f30x_dac.o(.rev16_text), (4 bytes).
    Removing gd32f30x_dac.o(.revsh_text), (4 bytes).
    Removing gd32f30x_dac.o(i.dac_concurrent_data_set), (64 bytes).
    Removing gd32f30x_dac.o(i.dac_concurrent_disable), (24 bytes).
    Removing gd32f30x_dac.o(i.dac_concurrent_enable), (24 bytes).
    Removing gd32f30x_dac.o(i.dac_concurrent_output_buffer_disable), (24 bytes).
    Removing gd32f30x_dac.o(i.dac_concurrent_output_buffer_enable), (24 bytes).
    Removing gd32f30x_dac.o(i.dac_concurrent_software_trigger_disable), (20 bytes).
    Removing gd32f30x_dac.o(i.dac_concurrent_software_trigger_enable), (20 bytes).
    Removing gd32f30x_dac.o(i.dac_data_set), (88 bytes).
    Removing gd32f30x_dac.o(i.dac_deinit), (20 bytes).
    Removing gd32f30x_dac.o(i.dac_disable), (36 bytes).
    Removing gd32f30x_dac.o(i.dac_dma_disable), (36 bytes).
    Removing gd32f30x_dac.o(i.dac_dma_enable), (36 bytes).
    Removing gd32f30x_dac.o(i.dac_enable), (36 bytes).
    Removing gd32f30x_dac.o(i.dac_lfsr_noise_config), (52 bytes).
    Removing gd32f30x_dac.o(i.dac_output_buffer_disable), (36 bytes).
    Removing gd32f30x_dac.o(i.dac_output_buffer_enable), (36 bytes).
    Removing gd32f30x_dac.o(i.dac_output_value_get), (28 bytes).
    Removing gd32f30x_dac.o(i.dac_software_trigger_disable), (36 bytes).
    Removing gd32f30x_dac.o(i.dac_software_trigger_enable), (36 bytes).
    Removing gd32f30x_dac.o(i.dac_triangle_noise_config), (52 bytes).
    Removing gd32f30x_dac.o(i.dac_trigger_disable), (36 bytes).
    Removing gd32f30x_dac.o(i.dac_trigger_enable), (36 bytes).
    Removing gd32f30x_dac.o(i.dac_trigger_source_config), (52 bytes).
    Removing gd32f30x_dac.o(i.dac_wave_bit_width_config), (52 bytes).
    Removing gd32f30x_dac.o(i.dac_wave_mode_config), (52 bytes).
    Removing gd32f30x_dbg.o(.rev16_text), (4 bytes).
    Removing gd32f30x_dbg.o(.revsh_text), (4 bytes).
    Removing gd32f30x_dbg.o(i.dbg_deinit), (12 bytes).
    Removing gd32f30x_dbg.o(i.dbg_id_get), (12 bytes).
    Removing gd32f30x_dbg.o(i.dbg_low_power_disable), (16 bytes).
    Removing gd32f30x_dbg.o(i.dbg_low_power_enable), (16 bytes).
    Removing gd32f30x_dbg.o(i.dbg_periph_disable), (32 bytes).
    Removing gd32f30x_dbg.o(i.dbg_periph_enable), (32 bytes).
    Removing gd32f30x_dbg.o(i.dbg_trace_pin_disable), (20 bytes).
    Removing gd32f30x_dbg.o(i.dbg_trace_pin_enable), (20 bytes).
    Removing gd32f30x_dma.o(.rev16_text), (4 bytes).
    Removing gd32f30x_dma.o(.revsh_text), (4 bytes).
    Removing gd32f30x_dma.o(i.dma_channel_disable), (50 bytes).
    Removing gd32f30x_dma.o(i.dma_channel_enable), (50 bytes).
    Removing gd32f30x_dma.o(i.dma_circulation_disable), (50 bytes).
    Removing gd32f30x_dma.o(i.dma_circulation_enable), (50 bytes).
    Removing gd32f30x_dma.o(i.dma_deinit), (112 bytes).
    Removing gd32f30x_dma.o(i.dma_flag_clear), (16 bytes).
    Removing gd32f30x_dma.o(i.dma_flag_get), (24 bytes).
    Removing gd32f30x_dma.o(i.dma_init), (302 bytes).
    Removing gd32f30x_dma.o(i.dma_interrupt_disable), (50 bytes).
    Removing gd32f30x_dma.o(i.dma_interrupt_enable), (50 bytes).
    Removing gd32f30x_dma.o(i.dma_interrupt_flag_clear), (16 bytes).
    Removing gd32f30x_dma.o(i.dma_interrupt_flag_get), (130 bytes).
    Removing gd32f30x_dma.o(i.dma_memory_address_config), (36 bytes).
    Removing gd32f30x_dma.o(i.dma_memory_increase_disable), (50 bytes).
    Removing gd32f30x_dma.o(i.dma_memory_increase_enable), (50 bytes).
    Removing gd32f30x_dma.o(i.dma_memory_to_memory_disable), (50 bytes).
    Removing gd32f30x_dma.o(i.dma_memory_to_memory_enable), (50 bytes).
    Removing gd32f30x_dma.o(i.dma_memory_width_config), (58 bytes).
    Removing gd32f30x_dma.o(i.dma_periph_address_config), (36 bytes).
    Removing gd32f30x_dma.o(i.dma_periph_and_channel_check), (24 bytes).
    Removing gd32f30x_dma.o(i.dma_periph_increase_disable), (50 bytes).
    Removing gd32f30x_dma.o(i.dma_periph_increase_enable), (50 bytes).
    Removing gd32f30x_dma.o(i.dma_periph_width_config), (58 bytes).
    Removing gd32f30x_dma.o(i.dma_priority_config), (58 bytes).
    Removing gd32f30x_dma.o(i.dma_struct_para_init), (28 bytes).
    Removing gd32f30x_dma.o(i.dma_transfer_direction_config), (84 bytes).
    Removing gd32f30x_dma.o(i.dma_transfer_number_config), (38 bytes).
    Removing gd32f30x_dma.o(i.dma_transfer_number_get), (34 bytes).
    Removing gd32f30x_enet.o(.rev16_text), (4 bytes).
    Removing gd32f30x_enet.o(.revsh_text), (4 bytes).
    Removing gd32f30x_enet.o(i.enet_address_filter_config), (32 bytes).
    Removing gd32f30x_enet.o(i.enet_address_filter_disable), (24 bytes).
    Removing gd32f30x_enet.o(i.enet_address_filter_enable), (24 bytes).
    Removing gd32f30x_enet.o(i.enet_current_desc_address_get), (16 bytes).
    Removing gd32f30x_enet.o(i.enet_debug_status_get), (108 bytes).
    Removing gd32f30x_enet.o(i.enet_default_init), (104 bytes).
    Removing gd32f30x_enet.o(i.enet_deinit), (24 bytes).
    Removing gd32f30x_enet.o(i.enet_delay), (24 bytes).
    Removing gd32f30x_enet.o(i.enet_desc_flag_clear), (8 bytes).
    Removing gd32f30x_enet.o(i.enet_desc_flag_get), (14 bytes).
    Removing gd32f30x_enet.o(i.enet_desc_flag_set), (8 bytes).
    Removing gd32f30x_enet.o(i.enet_desc_information_get), (100 bytes).
    Removing gd32f30x_enet.o(i.enet_desc_select_normal_mode), (20 bytes).
    Removing gd32f30x_enet.o(i.enet_descriptors_chain_init), (200 bytes).
    Removing gd32f30x_enet.o(i.enet_descriptors_ring_init), (236 bytes).
    Removing gd32f30x_enet.o(i.enet_disable), (12 bytes).
    Removing gd32f30x_enet.o(i.enet_dma_feature_disable), (16 bytes).
    Removing gd32f30x_enet.o(i.enet_dma_feature_enable), (16 bytes).
    Removing gd32f30x_enet.o(i.enet_dmaprocess_resume), (28 bytes).
    Removing gd32f30x_enet.o(i.enet_dmaprocess_state_get), (16 bytes).
    Removing gd32f30x_enet.o(i.enet_enable), (12 bytes).
    Removing gd32f30x_enet.o(i.enet_flag_clear), (24 bytes).
    Removing gd32f30x_enet.o(i.enet_flag_get), (36 bytes).
    Removing gd32f30x_enet.o(i.enet_fliter_feature_disable), (16 bytes).
    Removing gd32f30x_enet.o(i.enet_fliter_feature_enable), (16 bytes).
    Removing gd32f30x_enet.o(i.enet_flowcontrol_feature_disable), (40 bytes).
    Removing gd32f30x_enet.o(i.enet_flowcontrol_feature_enable), (40 bytes).
    Removing gd32f30x_enet.o(i.enet_flowcontrol_threshold_config), (16 bytes).
    Removing gd32f30x_enet.o(i.enet_forward_feature_disable), (48 bytes).
    Removing gd32f30x_enet.o(i.enet_forward_feature_enable), (48 bytes).
    Removing gd32f30x_enet.o(i.enet_frame_receive), (248 bytes).
    Removing gd32f30x_enet.o(i.enet_frame_transmit), (204 bytes).
    Removing gd32f30x_enet.o(i.enet_init), (868 bytes).
    Removing gd32f30x_enet.o(i.enet_initpara_config), (356 bytes).
    Removing gd32f30x_enet.o(i.enet_initpara_reset), (40 bytes).
    Removing gd32f30x_enet.o(i.enet_interrupt_disable), (72 bytes).
    Removing gd32f30x_enet.o(i.enet_interrupt_enable), (72 bytes).
    Removing gd32f30x_enet.o(i.enet_interrupt_flag_clear), (24 bytes).
    Removing gd32f30x_enet.o(i.enet_interrupt_flag_get), (36 bytes).
    Removing gd32f30x_enet.o(i.enet_mac_address_get), (72 bytes).
    Removing gd32f30x_enet.o(i.enet_mac_address_set), (48 bytes).
    Removing gd32f30x_enet.o(i.enet_missed_frame_counter_get), (24 bytes).
    Removing gd32f30x_enet.o(i.enet_msc_counters_get), (12 bytes).
    Removing gd32f30x_enet.o(i.enet_msc_counters_preset_config), (36 bytes).
    Removing gd32f30x_enet.o(i.enet_msc_counters_reset), (24 bytes).
    Removing gd32f30x_enet.o(i.enet_msc_feature_disable), (24 bytes).
    Removing gd32f30x_enet.o(i.enet_msc_feature_enable), (24 bytes).
    Removing gd32f30x_enet.o(i.enet_pauseframe_config), (44 bytes).
    Removing gd32f30x_enet.o(i.enet_pauseframe_detect_config), (28 bytes).
    Removing gd32f30x_enet.o(i.enet_pauseframe_generate), (36 bytes).
    Removing gd32f30x_enet.o(i.enet_phy_config), (196 bytes).
    Removing gd32f30x_enet.o(i.enet_phy_write_read), (156 bytes).
    Removing gd32f30x_enet.o(i.enet_phyloopback_disable), (50 bytes).
    Removing gd32f30x_enet.o(i.enet_phyloopback_enable), (48 bytes).
    Removing gd32f30x_enet.o(i.enet_ptp_coarsecorrection_systime_update), (58 bytes).
    Removing gd32f30x_enet.o(i.enet_ptp_expected_time_config), (16 bytes).
    Removing gd32f30x_enet.o(i.enet_ptp_feature_disable), (16 bytes).
    Removing gd32f30x_enet.o(i.enet_ptp_feature_enable), (16 bytes).
    Removing gd32f30x_enet.o(i.enet_ptp_finecorrection_adjfreq), (18 bytes).
    Removing gd32f30x_enet.o(i.enet_ptp_finecorrection_settime), (42 bytes).
    Removing gd32f30x_enet.o(i.enet_ptp_flag_get), (20 bytes).
    Removing gd32f30x_enet.o(i.enet_ptp_nanosecond_2_subsecond), (36 bytes).
    Removing gd32f30x_enet.o(i.enet_ptp_normal_descriptors_chain_init), (236 bytes).
    Removing gd32f30x_enet.o(i.enet_ptp_normal_descriptors_ring_init), (280 bytes).
    Removing gd32f30x_enet.o(i.enet_ptp_pps_output_frequency_config), (12 bytes).
    Removing gd32f30x_enet.o(i.enet_ptp_start), (100 bytes).
    Removing gd32f30x_enet.o(i.enet_ptp_subsecond_2_nanosecond), (28 bytes).
    Removing gd32f30x_enet.o(i.enet_ptp_subsecond_increment_config), (12 bytes).
    Removing gd32f30x_enet.o(i.enet_ptp_system_time_get), (44 bytes).
    Removing gd32f30x_enet.o(i.enet_ptp_timestamp_addend_config), (12 bytes).
    Removing gd32f30x_enet.o(i.enet_ptp_timestamp_function_config), (256 bytes).
    Removing gd32f30x_enet.o(i.enet_ptp_timestamp_update_config), (24 bytes).
    Removing gd32f30x_enet.o(i.enet_ptpframe_receive_normal_mode), (340 bytes).
    Removing gd32f30x_enet.o(i.enet_ptpframe_transmit_normal_mode), (444 bytes).
    Removing gd32f30x_enet.o(i.enet_registers_get), (56 bytes).
    Removing gd32f30x_enet.o(i.enet_rx_desc_delay_receive_complete_interrupt), (20 bytes).
    Removing gd32f30x_enet.o(i.enet_rx_desc_immediate_receive_complete_interrupt), (10 bytes).
    Removing gd32f30x_enet.o(i.enet_rx_disable), (36 bytes).
    Removing gd32f30x_enet.o(i.enet_rx_enable), (36 bytes).
    Removing gd32f30x_enet.o(i.enet_rxframe_drop), (172 bytes).
    Removing gd32f30x_enet.o(i.enet_rxframe_size_get), (152 bytes).
    Removing gd32f30x_enet.o(i.enet_rxprocess_check_recovery), (48 bytes).
    Removing gd32f30x_enet.o(i.enet_software_reset), (60 bytes).
    Removing gd32f30x_enet.o(i.enet_transmit_checksum_config), (26 bytes).
    Removing gd32f30x_enet.o(i.enet_tx_disable), (40 bytes).
    Removing gd32f30x_enet.o(i.enet_tx_enable), (40 bytes).
    Removing gd32f30x_enet.o(i.enet_txfifo_flush), (52 bytes).
    Removing gd32f30x_enet.o(i.enet_wum_feature_disable), (16 bytes).
    Removing gd32f30x_enet.o(i.enet_wum_feature_enable), (16 bytes).
    Removing gd32f30x_enet.o(i.enet_wum_filter_config), (28 bytes).
    Removing gd32f30x_enet.o(i.enet_wum_filter_register_pointer_reset), (20 bytes).
    Removing gd32f30x_enet.o(.bss), (15460 bytes).
    Removing gd32f30x_enet.o(.constdata), (116 bytes).
    Removing gd32f30x_enet.o(.data), (20 bytes).
    Removing gd32f30x_exmc.o(.rev16_text), (4 bytes).
    Removing gd32f30x_exmc.o(.revsh_text), (4 bytes).
    Removing gd32f30x_exmc.o(i.exmc_ecc_get), (12 bytes).
    Removing gd32f30x_exmc.o(i.exmc_flag_clear), (20 bytes).
    Removing gd32f30x_exmc.o(i.exmc_flag_get), (28 bytes).
    Removing gd32f30x_exmc.o(i.exmc_interrupt_disable), (20 bytes).
    Removing gd32f30x_exmc.o(i.exmc_interrupt_enable), (20 bytes).
    Removing gd32f30x_exmc.o(i.exmc_interrupt_flag_clear), (22 bytes).
    Removing gd32f30x_exmc.o(i.exmc_interrupt_flag_get), (38 bytes).
    Removing gd32f30x_exmc.o(i.exmc_nand_deinit), (42 bytes).
    Removing gd32f30x_exmc.o(i.exmc_nand_disable), (22 bytes).
    Removing gd32f30x_exmc.o(i.exmc_nand_ecc_config), (48 bytes).
    Removing gd32f30x_exmc.o(i.exmc_nand_enable), (22 bytes).
    Removing gd32f30x_exmc.o(i.exmc_nand_init), (174 bytes).
    Removing gd32f30x_exmc.o(i.exmc_nand_struct_para_init), (54 bytes).
    Removing gd32f30x_exmc.o(i.exmc_norsram_deinit), (52 bytes).
    Removing gd32f30x_exmc.o(i.exmc_norsram_disable), (22 bytes).
    Removing gd32f30x_exmc.o(i.exmc_norsram_enable), (22 bytes).
    Removing gd32f30x_exmc.o(i.exmc_norsram_init), (284 bytes).
    Removing gd32f30x_exmc.o(i.exmc_norsram_page_size_config), (40 bytes).
    Removing gd32f30x_exmc.o(i.exmc_norsram_struct_para_init), (106 bytes).
    Removing gd32f30x_exmc.o(i.exmc_pccard_deinit), (40 bytes).
    Removing gd32f30x_exmc.o(i.exmc_pccard_disable), (24 bytes).
    Removing gd32f30x_exmc.o(i.exmc_pccard_enable), (24 bytes).
    Removing gd32f30x_exmc.o(i.exmc_pccard_init), (192 bytes).
    Removing gd32f30x_exmc.o(i.exmc_pccard_struct_para_init), (60 bytes).
    Removing gd32f30x_exti.o(.rev16_text), (4 bytes).
    Removing gd32f30x_exti.o(.revsh_text), (4 bytes).
    Removing gd32f30x_exti.o(i.exti_deinit), (28 bytes).
    Removing gd32f30x_exti.o(i.exti_event_disable), (16 bytes).
    Removing gd32f30x_exti.o(i.exti_event_enable), (16 bytes).
    Removing gd32f30x_exti.o(i.exti_flag_clear), (12 bytes).
    Removing gd32f30x_exti.o(i.exti_flag_get), (24 bytes).
    Removing gd32f30x_exti.o(i.exti_init), (184 bytes).
    Removing gd32f30x_exti.o(i.exti_interrupt_disable), (16 bytes).
    Removing gd32f30x_exti.o(i.exti_interrupt_enable), (16 bytes).
    Removing gd32f30x_exti.o(i.exti_interrupt_flag_clear), (12 bytes).
    Removing gd32f30x_exti.o(i.exti_interrupt_flag_get), (36 bytes).
    Removing gd32f30x_exti.o(i.exti_software_interrupt_disable), (16 bytes).
    Removing gd32f30x_exti.o(i.exti_software_interrupt_enable), (16 bytes).
    Removing gd32f30x_fmc.o(.rev16_text), (4 bytes).
    Removing gd32f30x_fmc.o(.revsh_text), (4 bytes).
    Removing gd32f30x_fmc.o(i.fmc_bank0_erase), (68 bytes).
    Removing gd32f30x_fmc.o(i.fmc_bank0_lock), (20 bytes).
    Removing gd32f30x_fmc.o(i.fmc_bank0_ready_wait), (34 bytes).
    Removing gd32f30x_fmc.o(i.fmc_bank0_state_get), (48 bytes).
    Removing gd32f30x_fmc.o(i.fmc_bank0_unlock), (36 bytes).
    Removing gd32f30x_fmc.o(i.fmc_bank1_erase), (68 bytes).
    Removing gd32f30x_fmc.o(i.fmc_bank1_lock), (20 bytes).
    Removing gd32f30x_fmc.o(i.fmc_bank1_ready_wait), (34 bytes).
    Removing gd32f30x_fmc.o(i.fmc_bank1_state_get), (48 bytes).
    Removing gd32f30x_fmc.o(i.fmc_bank1_unlock), (36 bytes).
    Removing gd32f30x_fmc.o(i.fmc_flag_clear), (32 bytes).
    Removing gd32f30x_fmc.o(i.fmc_flag_get), (36 bytes).
    Removing gd32f30x_fmc.o(i.fmc_halfword_program), (184 bytes).
    Removing gd32f30x_fmc.o(i.fmc_interrupt_disable), (32 bytes).
    Removing gd32f30x_fmc.o(i.fmc_interrupt_enable), (32 bytes).
    Removing gd32f30x_fmc.o(i.fmc_interrupt_flag_clear), (32 bytes).
    Removing gd32f30x_fmc.o(i.fmc_interrupt_flag_get), (108 bytes).
    Removing gd32f30x_fmc.o(i.fmc_lock), (44 bytes).
    Removing gd32f30x_fmc.o(i.fmc_mass_erase), (192 bytes).
    Removing gd32f30x_fmc.o(i.fmc_page_erase), (228 bytes).
    Removing gd32f30x_fmc.o(i.fmc_unlock), (68 bytes).
    Removing gd32f30x_fmc.o(i.fmc_word_program), (184 bytes).
    Removing gd32f30x_fmc.o(i.fmc_word_reprogram), (236 bytes).
    Removing gd32f30x_fmc.o(i.fmc_wscnt_set), (24 bytes).
    Removing gd32f30x_fmc.o(i.ob_data_get), (16 bytes).
    Removing gd32f30x_fmc.o(i.ob_data_program), (68 bytes).
    Removing gd32f30x_fmc.o(i.ob_erase), (140 bytes).
    Removing gd32f30x_fmc.o(i.ob_lock), (20 bytes).
    Removing gd32f30x_fmc.o(i.ob_security_protection_config), (132 bytes).
    Removing gd32f30x_fmc.o(i.ob_spc_get), (24 bytes).
    Removing gd32f30x_fmc.o(i.ob_unlock), (36 bytes).
    Removing gd32f30x_fmc.o(i.ob_user_get), (16 bytes).
    Removing gd32f30x_fmc.o(i.ob_user_write), (96 bytes).
    Removing gd32f30x_fmc.o(i.ob_write_protection_enable), (164 bytes).
    Removing gd32f30x_fmc.o(i.ob_write_protection_get), (12 bytes).
    Removing gd32f30x_fwdgt.o(.rev16_text), (4 bytes).
    Removing gd32f30x_fwdgt.o(.revsh_text), (4 bytes).
    Removing gd32f30x_fwdgt.o(i.fwdgt_config), (104 bytes).
    Removing gd32f30x_fwdgt.o(i.fwdgt_counter_reload), (16 bytes).
    Removing gd32f30x_fwdgt.o(i.fwdgt_enable), (16 bytes).
    Removing gd32f30x_fwdgt.o(i.fwdgt_flag_get), (24 bytes).
    Removing gd32f30x_fwdgt.o(i.fwdgt_prescaler_value_config), (60 bytes).
    Removing gd32f30x_fwdgt.o(i.fwdgt_reload_value_config), (64 bytes).
    Removing gd32f30x_fwdgt.o(i.fwdgt_write_disable), (12 bytes).
    Removing gd32f30x_fwdgt.o(i.fwdgt_write_enable), (16 bytes).
    Removing gd32f30x_gpio.o(.rev16_text), (4 bytes).
    Removing gd32f30x_gpio.o(.revsh_text), (4 bytes).
    Removing gd32f30x_gpio.o(i.gpio_afio_deinit), (20 bytes).
    Removing gd32f30x_gpio.o(i.gpio_bit_reset), (4 bytes).
    Removing gd32f30x_gpio.o(i.gpio_bit_set), (4 bytes).
    Removing gd32f30x_gpio.o(i.gpio_bit_write), (10 bytes).
    Removing gd32f30x_gpio.o(i.gpio_compensation_config), (24 bytes).
    Removing gd32f30x_gpio.o(i.gpio_compensation_flag_get), (24 bytes).
    Removing gd32f30x_gpio.o(i.gpio_deinit), (196 bytes).
    Removing gd32f30x_gpio.o(i.gpio_ethernet_phy_select), (28 bytes).
    Removing gd32f30x_gpio.o(i.gpio_event_output_config), (28 bytes).
    Removing gd32f30x_gpio.o(i.gpio_event_output_disable), (20 bytes).
    Removing gd32f30x_gpio.o(i.gpio_event_output_enable), (20 bytes).
    Removing gd32f30x_gpio.o(i.gpio_exti_source_select), (152 bytes).
    Removing gd32f30x_gpio.o(i.gpio_init), (188 bytes).
    Removing gd32f30x_gpio.o(i.gpio_input_bit_get), (16 bytes).
    Removing gd32f30x_gpio.o(i.gpio_input_port_get), (8 bytes).
    Removing gd32f30x_gpio.o(i.gpio_output_bit_get), (16 bytes).
    Removing gd32f30x_gpio.o(i.gpio_output_port_get), (8 bytes).
    Removing gd32f30x_gpio.o(i.gpio_pin_lock), (18 bytes).
    Removing gd32f30x_gpio.o(i.gpio_pin_remap_config), (144 bytes).
    Removing gd32f30x_gpio.o(i.gpio_port_write), (4 bytes).
    Removing gd32f30x_i2c.o(.rev16_text), (4 bytes).
    Removing gd32f30x_i2c.o(.revsh_text), (4 bytes).
    Removing gd32f30x_i2c.o(i.i2c_ack_config), (16 bytes).
    Removing gd32f30x_i2c.o(i.i2c_ackpos_config), (16 bytes).
    Removing gd32f30x_i2c.o(i.i2c_clock_config), (320 bytes).
    Removing gd32f30x_i2c.o(i.i2c_data_receive), (8 bytes).
    Removing gd32f30x_i2c.o(i.i2c_data_transmit), (6 bytes).
    Removing gd32f30x_i2c.o(i.i2c_deinit), (64 bytes).
    Removing gd32f30x_i2c.o(i.i2c_disable), (10 bytes).
    Removing gd32f30x_i2c.o(i.i2c_dma_config), (16 bytes).
    Removing gd32f30x_i2c.o(i.i2c_dma_last_transfer_config), (16 bytes).
    Removing gd32f30x_i2c.o(i.i2c_dualaddr_disable), (10 bytes).
    Removing gd32f30x_i2c.o(i.i2c_dualaddr_enable), (12 bytes).
    Removing gd32f30x_i2c.o(i.i2c_enable), (10 bytes).
    Removing gd32f30x_i2c.o(i.i2c_flag_clear), (40 bytes).
    Removing gd32f30x_i2c.o(i.i2c_flag_get), (30 bytes).
    Removing gd32f30x_i2c.o(i.i2c_interrupt_disable), (26 bytes).
    Removing gd32f30x_i2c.o(i.i2c_interrupt_enable), (26 bytes).
    Removing gd32f30x_i2c.o(i.i2c_interrupt_flag_clear), (44 bytes).
    Removing gd32f30x_i2c.o(i.i2c_interrupt_flag_get), (92 bytes).
    Removing gd32f30x_i2c.o(i.i2c_master_addressing), (20 bytes).
    Removing gd32f30x_i2c.o(i.i2c_mode_addr_config), (28 bytes).
    Removing gd32f30x_i2c.o(i.i2c_pec_config), (16 bytes).
    Removing gd32f30x_i2c.o(i.i2c_pec_transfer_config), (16 bytes).
    Removing gd32f30x_i2c.o(i.i2c_pec_value_get), (10 bytes).
    Removing gd32f30x_i2c.o(i.i2c_slave_response_to_gcall_config), (16 bytes).
    Removing gd32f30x_i2c.o(i.i2c_smbus_alert_config), (16 bytes).
    Removing gd32f30x_i2c.o(i.i2c_smbus_arp_config), (16 bytes).
    Removing gd32f30x_i2c.o(i.i2c_smbus_type_config), (24 bytes).
    Removing gd32f30x_i2c.o(i.i2c_software_reset_config), (16 bytes).
    Removing gd32f30x_i2c.o(i.i2c_start_on_bus), (10 bytes).
    Removing gd32f30x_i2c.o(i.i2c_stop_on_bus), (10 bytes).
    Removing gd32f30x_i2c.o(i.i2c_stretch_scl_low_config), (16 bytes).
    Removing gd32f30x_misc.o(.rev16_text), (4 bytes).
    Removing gd32f30x_misc.o(.revsh_text), (4 bytes).
    Removing gd32f30x_misc.o(i.nvic_irq_disable), (24 bytes).
    Removing gd32f30x_misc.o(i.nvic_irq_enable), (196 bytes).
    Removing gd32f30x_misc.o(i.nvic_priority_group_set), (20 bytes).
    Removing gd32f30x_misc.o(i.nvic_vector_table_set), (24 bytes).
    Removing gd32f30x_misc.o(i.system_lowpower_reset), (16 bytes).
    Removing gd32f30x_misc.o(i.system_lowpower_set), (16 bytes).
    Removing gd32f30x_misc.o(i.systick_clksource_set), (40 bytes).
    Removing gd32f30x_pmu.o(.rev16_text), (4 bytes).
    Removing gd32f30x_pmu.o(.revsh_text), (4 bytes).
    Removing gd32f30x_pmu.o(i.pmu_backup_write_disable), (20 bytes).
    Removing gd32f30x_pmu.o(i.pmu_backup_write_enable), (20 bytes).
    Removing gd32f30x_pmu.o(i.pmu_deinit), (20 bytes).
    Removing gd32f30x_pmu.o(i.pmu_flag_clear), (48 bytes).
    Removing gd32f30x_pmu.o(i.pmu_flag_get), (24 bytes).
    Removing gd32f30x_pmu.o(i.pmu_highdriver_mode_disable), (20 bytes).
    Removing gd32f30x_pmu.o(i.pmu_highdriver_mode_enable), (20 bytes).
    Removing gd32f30x_pmu.o(i.pmu_highdriver_switch_select), (44 bytes).
    Removing gd32f30x_pmu.o(i.pmu_ldo_output_select), (28 bytes).
    Removing gd32f30x_pmu.o(i.pmu_lowdriver_mode_disable), (20 bytes).
    Removing gd32f30x_pmu.o(i.pmu_lowdriver_mode_enable), (20 bytes).
    Removing gd32f30x_pmu.o(i.pmu_lowpower_driver_config), (28 bytes).
    Removing gd32f30x_pmu.o(i.pmu_lvd_disable), (20 bytes).
    Removing gd32f30x_pmu.o(i.pmu_lvd_select), (48 bytes).
    Removing gd32f30x_pmu.o(i.pmu_normalpower_driver_config), (28 bytes).
    Removing gd32f30x_pmu.o(i.pmu_to_deepsleepmode), (244 bytes).
    Removing gd32f30x_pmu.o(i.pmu_to_sleepmode), (28 bytes).
    Removing gd32f30x_pmu.o(i.pmu_to_standbymode), (100 bytes).
    Removing gd32f30x_pmu.o(i.pmu_wakeup_pin_disable), (20 bytes).
    Removing gd32f30x_pmu.o(i.pmu_wakeup_pin_enable), (20 bytes).
    Removing gd32f30x_pmu.o(.bss), (16 bytes).
    Removing gd32f30x_rcu.o(.rev16_text), (4 bytes).
    Removing gd32f30x_rcu.o(.revsh_text), (4 bytes).
    Removing gd32f30x_rcu.o(i.rcu_adc_clock_config), (108 bytes).
    Removing gd32f30x_rcu.o(i.rcu_ahb_clock_config), (24 bytes).
    Removing gd32f30x_rcu.o(i.rcu_all_reset_flag_clear), (20 bytes).
    Removing gd32f30x_rcu.o(i.rcu_apb1_clock_config), (24 bytes).
    Removing gd32f30x_rcu.o(i.rcu_apb2_clock_config), (24 bytes).
    Removing gd32f30x_rcu.o(i.rcu_bkp_reset_disable), (20 bytes).
    Removing gd32f30x_rcu.o(i.rcu_bkp_reset_enable), (20 bytes).
    Removing gd32f30x_rcu.o(i.rcu_ck48m_clock_config), (28 bytes).
    Removing gd32f30x_rcu.o(i.rcu_ckout0_config), (24 bytes).
    Removing gd32f30x_rcu.o(i.rcu_clock_freq_get), (416 bytes).
    Removing gd32f30x_rcu.o(i.rcu_deepsleep_voltage_set), (16 bytes).
    Removing gd32f30x_rcu.o(i.rcu_deinit), (128 bytes).
    Removing gd32f30x_rcu.o(i.rcu_flag_get), (36 bytes).
    Removing gd32f30x_rcu.o(i.rcu_hxtal_clock_monitor_disable), (20 bytes).
    Removing gd32f30x_rcu.o(i.rcu_hxtal_clock_monitor_enable), (20 bytes).
    Removing gd32f30x_rcu.o(i.rcu_i2s1_clock_config), (24 bytes).
    Removing gd32f30x_rcu.o(i.rcu_i2s2_clock_config), (24 bytes).
    Removing gd32f30x_rcu.o(i.rcu_interrupt_disable), (32 bytes).
    Removing gd32f30x_rcu.o(i.rcu_interrupt_enable), (32 bytes).
    Removing gd32f30x_rcu.o(i.rcu_interrupt_flag_clear), (32 bytes).
    Removing gd32f30x_rcu.o(i.rcu_interrupt_flag_get), (36 bytes).
    Removing gd32f30x_rcu.o(i.rcu_irc8m_adjust_value_set), (28 bytes).
    Removing gd32f30x_rcu.o(i.rcu_lxtal_drive_capability_config), (24 bytes).
    Removing gd32f30x_rcu.o(i.rcu_osci_bypass_mode_disable), (112 bytes).
    Removing gd32f30x_rcu.o(i.rcu_osci_bypass_mode_enable), (112 bytes).
    Removing gd32f30x_rcu.o(i.rcu_osci_off), (32 bytes).
    Removing gd32f30x_rcu.o(i.rcu_osci_on), (32 bytes).
    Removing gd32f30x_rcu.o(i.rcu_osci_stab_wait), (348 bytes).
    Removing gd32f30x_rcu.o(i.rcu_periph_clock_disable), (32 bytes).
    Removing gd32f30x_rcu.o(i.rcu_periph_clock_enable), (32 bytes).
    Removing gd32f30x_rcu.o(i.rcu_periph_clock_sleep_disable), (32 bytes).
    Removing gd32f30x_rcu.o(i.rcu_periph_clock_sleep_enable), (32 bytes).
    Removing gd32f30x_rcu.o(i.rcu_periph_reset_disable), (32 bytes).
    Removing gd32f30x_rcu.o(i.rcu_periph_reset_enable), (32 bytes).
    Removing gd32f30x_rcu.o(i.rcu_pll1_config), (28 bytes).
    Removing gd32f30x_rcu.o(i.rcu_pll2_config), (28 bytes).
    Removing gd32f30x_rcu.o(i.rcu_pll_config), (32 bytes).
    Removing gd32f30x_rcu.o(i.rcu_pllpresel_config), (24 bytes).
    Removing gd32f30x_rcu.o(i.rcu_predv0_config), (32 bytes).
    Removing gd32f30x_rcu.o(i.rcu_predv1_config), (24 bytes).
    Removing gd32f30x_rcu.o(i.rcu_rtc_clock_config), (24 bytes).
    Removing gd32f30x_rcu.o(i.rcu_system_clock_source_config), (24 bytes).
    Removing gd32f30x_rcu.o(i.rcu_system_clock_source_get), (16 bytes).
    Removing gd32f30x_rcu.o(i.rcu_usb_clock_config), (24 bytes).
    Removing gd32f30x_rtc.o(.rev16_text), (4 bytes).
    Removing gd32f30x_rtc.o(.revsh_text), (4 bytes).
    Removing gd32f30x_rtc.o(i.rtc_alarm_config), (32 bytes).
    Removing gd32f30x_rtc.o(i.rtc_configuration_mode_enter), (20 bytes).
    Removing gd32f30x_rtc.o(i.rtc_configuration_mode_exit), (20 bytes).
    Removing gd32f30x_rtc.o(i.rtc_counter_get), (20 bytes).
    Removing gd32f30x_rtc.o(i.rtc_counter_set), (32 bytes).
    Removing gd32f30x_rtc.o(i.rtc_divider_get), (24 bytes).
    Removing gd32f30x_rtc.o(i.rtc_flag_clear), (16 bytes).
    Removing gd32f30x_rtc.o(i.rtc_flag_get), (24 bytes).
    Removing gd32f30x_rtc.o(i.rtc_interrupt_disable), (16 bytes).
    Removing gd32f30x_rtc.o(i.rtc_interrupt_enable), (16 bytes).
    Removing gd32f30x_rtc.o(i.rtc_lwoff_wait), (20 bytes).
    Removing gd32f30x_rtc.o(i.rtc_prescaler_set), (32 bytes).
    Removing gd32f30x_rtc.o(i.rtc_register_sync_wait), (32 bytes).
    Removing gd32f30x_sdio.o(.rev16_text), (4 bytes).
    Removing gd32f30x_sdio.o(.revsh_text), (4 bytes).
    Removing gd32f30x_sdio.o(i.sdio_bus_mode_set), (28 bytes).
    Removing gd32f30x_sdio.o(i.sdio_ceata_command_completion_disable), (20 bytes).
    Removing gd32f30x_sdio.o(i.sdio_ceata_command_completion_enable), (20 bytes).
    Removing gd32f30x_sdio.o(i.sdio_ceata_command_disable), (20 bytes).
    Removing gd32f30x_sdio.o(i.sdio_ceata_command_enable), (20 bytes).
    Removing gd32f30x_sdio.o(i.sdio_ceata_interrupt_disable), (20 bytes).
    Removing gd32f30x_sdio.o(i.sdio_ceata_interrupt_enable), (20 bytes).
    Removing gd32f30x_sdio.o(i.sdio_clock_config), (52 bytes).
    Removing gd32f30x_sdio.o(i.sdio_clock_disable), (20 bytes).
    Removing gd32f30x_sdio.o(i.sdio_clock_enable), (20 bytes).
    Removing gd32f30x_sdio.o(i.sdio_command_index_get), (12 bytes).
    Removing gd32f30x_sdio.o(i.sdio_command_response_config), (44 bytes).
    Removing gd32f30x_sdio.o(i.sdio_csm_disable), (20 bytes).
    Removing gd32f30x_sdio.o(i.sdio_csm_enable), (20 bytes).
    Removing gd32f30x_sdio.o(i.sdio_data_config), (52 bytes).
    Removing gd32f30x_sdio.o(i.sdio_data_counter_get), (12 bytes).
    Removing gd32f30x_sdio.o(i.sdio_data_read), (12 bytes).
    Removing gd32f30x_sdio.o(i.sdio_data_transfer_config), (28 bytes).
    Removing gd32f30x_sdio.o(i.sdio_data_write), (12 bytes).
    Removing gd32f30x_sdio.o(i.sdio_deinit), (28 bytes).
    Removing gd32f30x_sdio.o(i.sdio_dma_disable), (20 bytes).
    Removing gd32f30x_sdio.o(i.sdio_dma_enable), (20 bytes).
    Removing gd32f30x_sdio.o(i.sdio_dsm_disable), (20 bytes).
    Removing gd32f30x_sdio.o(i.sdio_dsm_enable), (20 bytes).
    Removing gd32f30x_sdio.o(i.sdio_fifo_counter_get), (12 bytes).
    Removing gd32f30x_sdio.o(i.sdio_flag_clear), (12 bytes).
    Removing gd32f30x_sdio.o(i.sdio_flag_get), (24 bytes).
    Removing gd32f30x_sdio.o(i.sdio_hardware_clock_disable), (20 bytes).
    Removing gd32f30x_sdio.o(i.sdio_hardware_clock_enable), (20 bytes).
    Removing gd32f30x_sdio.o(i.sdio_interrupt_disable), (16 bytes).
    Removing gd32f30x_sdio.o(i.sdio_interrupt_enable), (16 bytes).
    Removing gd32f30x_sdio.o(i.sdio_interrupt_flag_clear), (12 bytes).
    Removing gd32f30x_sdio.o(i.sdio_interrupt_flag_get), (24 bytes).
    Removing gd32f30x_sdio.o(i.sdio_operation_disable), (20 bytes).
    Removing gd32f30x_sdio.o(i.sdio_operation_enable), (20 bytes).
    Removing gd32f30x_sdio.o(i.sdio_power_state_get), (12 bytes).
    Removing gd32f30x_sdio.o(i.sdio_power_state_set), (12 bytes).
    Removing gd32f30x_sdio.o(i.sdio_readwait_disable), (20 bytes).
    Removing gd32f30x_sdio.o(i.sdio_readwait_enable), (20 bytes).
    Removing gd32f30x_sdio.o(i.sdio_readwait_type_set), (40 bytes).
    Removing gd32f30x_sdio.o(i.sdio_response_get), (56 bytes).
    Removing gd32f30x_sdio.o(i.sdio_stop_readwait_disable), (20 bytes).
    Removing gd32f30x_sdio.o(i.sdio_stop_readwait_enable), (20 bytes).
    Removing gd32f30x_sdio.o(i.sdio_suspend_disable), (20 bytes).
    Removing gd32f30x_sdio.o(i.sdio_suspend_enable), (20 bytes).
    Removing gd32f30x_sdio.o(i.sdio_wait_type_set), (28 bytes).
    Removing gd32f30x_spi.o(.rev16_text), (4 bytes).
    Removing gd32f30x_spi.o(.revsh_text), (4 bytes).
    Removing gd32f30x_spi.o(i.i2s_disable), (10 bytes).
    Removing gd32f30x_spi.o(i.i2s_enable), (10 bytes).
    Removing gd32f30x_spi.o(i.i2s_init), (28 bytes).
    Removing gd32f30x_spi.o(i.i2s_psc_config), (288 bytes).
    Removing gd32f30x_spi.o(i.spi_bidirectional_transfer_config), (26 bytes).
    Removing gd32f30x_spi.o(i.spi_crc_error_clear), (10 bytes).
    Removing gd32f30x_spi.o(i.spi_crc_get), (16 bytes).
    Removing gd32f30x_spi.o(i.spi_crc_next), (10 bytes).
    Removing gd32f30x_spi.o(i.spi_crc_off), (10 bytes).
    Removing gd32f30x_spi.o(i.spi_crc_on), (10 bytes).
    Removing gd32f30x_spi.o(i.spi_crc_polynomial_get), (8 bytes).
    Removing gd32f30x_spi.o(i.spi_crc_polynomial_set), (4 bytes).
    Removing gd32f30x_spi.o(i.spi_disable), (10 bytes).
    Removing gd32f30x_spi.o(i.spi_dma_disable), (22 bytes).
    Removing gd32f30x_spi.o(i.spi_dma_enable), (22 bytes).
    Removing gd32f30x_spi.o(i.spi_enable), (10 bytes).
    Removing gd32f30x_spi.o(i.spi_i2s_data_frame_format_config), (16 bytes).
    Removing gd32f30x_spi.o(i.spi_i2s_data_receive), (8 bytes).
    Removing gd32f30x_spi.o(i.spi_i2s_data_transmit), (4 bytes).
    Removing gd32f30x_spi.o(i.spi_i2s_deinit), (88 bytes).
    Removing gd32f30x_spi.o(i.spi_i2s_flag_get), (16 bytes).
    Removing gd32f30x_spi.o(i.spi_i2s_interrupt_disable), (48 bytes).
    Removing gd32f30x_spi.o(i.spi_i2s_interrupt_enable), (48 bytes).
    Removing gd32f30x_spi.o(i.spi_i2s_interrupt_flag_get), (112 bytes).
    Removing gd32f30x_spi.o(i.spi_init), (50 bytes).
    Removing gd32f30x_spi.o(i.spi_nss_internal_high), (10 bytes).
    Removing gd32f30x_spi.o(i.spi_nss_internal_low), (10 bytes).
    Removing gd32f30x_spi.o(i.spi_nss_output_disable), (10 bytes).
    Removing gd32f30x_spi.o(i.spi_nss_output_enable), (10 bytes).
    Removing gd32f30x_spi.o(i.spi_nssp_mode_disable), (10 bytes).
    Removing gd32f30x_spi.o(i.spi_nssp_mode_enable), (10 bytes).
    Removing gd32f30x_spi.o(i.spi_quad_disable), (14 bytes).
    Removing gd32f30x_spi.o(i.spi_quad_enable), (14 bytes).
    Removing gd32f30x_spi.o(i.spi_quad_io23_output_disable), (14 bytes).
    Removing gd32f30x_spi.o(i.spi_quad_io23_output_enable), (14 bytes).
    Removing gd32f30x_spi.o(i.spi_quad_read_enable), (14 bytes).
    Removing gd32f30x_spi.o(i.spi_quad_write_enable), (14 bytes).
    Removing gd32f30x_spi.o(i.spi_struct_para_init), (18 bytes).
    Removing gd32f30x_spi.o(i.spi_ti_mode_disable), (10 bytes).
    Removing gd32f30x_spi.o(i.spi_ti_mode_enable), (10 bytes).
    Removing gd32f30x_timer.o(.rev16_text), (4 bytes).
    Removing gd32f30x_timer.o(.revsh_text), (4 bytes).
    Removing gd32f30x_timer.o(i.timer_auto_reload_shadow_disable), (10 bytes).
    Removing gd32f30x_timer.o(i.timer_auto_reload_shadow_enable), (10 bytes).
    Removing gd32f30x_timer.o(i.timer_automatic_output_disable), (10 bytes).
    Removing gd32f30x_timer.o(i.timer_automatic_output_enable), (10 bytes).
    Removing gd32f30x_timer.o(i.timer_autoreload_value_config), (4 bytes).
    Removing gd32f30x_timer.o(i.timer_break_config), (30 bytes).
    Removing gd32f30x_timer.o(i.timer_break_disable), (10 bytes).
    Removing gd32f30x_timer.o(i.timer_break_enable), (10 bytes).
    Removing gd32f30x_timer.o(i.timer_break_struct_para_init), (18 bytes).
    Removing gd32f30x_timer.o(i.timer_channel_capture_value_register_read), (42 bytes).
    Removing gd32f30x_timer.o(i.timer_channel_complementary_output_polarity_config), (70 bytes).
    Removing gd32f30x_timer.o(i.timer_channel_complementary_output_state_config), (70 bytes).
    Removing gd32f30x_timer.o(i.timer_channel_control_shadow_config), (24 bytes).
    Removing gd32f30x_timer.o(i.timer_channel_control_shadow_update_config), (26 bytes).
    Removing gd32f30x_timer.o(i.timer_channel_dma_request_source_select), (26 bytes).
    Removing gd32f30x_timer.o(i.timer_channel_input_capture_prescaler_config), (90 bytes).
    Removing gd32f30x_timer.o(i.timer_channel_input_struct_para_init), (16 bytes).
    Removing gd32f30x_timer.o(i.timer_channel_output_clear_config), (90 bytes).
    Removing gd32f30x_timer.o(i.timer_channel_output_config), (492 bytes).
    Removing gd32f30x_timer.o(i.timer_channel_output_fast_config), (90 bytes).
    Removing gd32f30x_timer.o(i.timer_channel_output_mode_config), (90 bytes).
    Removing gd32f30x_timer.o(i.timer_channel_output_polarity_config), (92 bytes).
    Removing gd32f30x_timer.o(i.timer_channel_output_pulse_value_config), (38 bytes).
    Removing gd32f30x_timer.o(i.timer_channel_output_shadow_config), (90 bytes).
    Removing gd32f30x_timer.o(i.timer_channel_output_state_config), (92 bytes).
    Removing gd32f30x_timer.o(i.timer_channel_output_struct_para_init), (16 bytes).
    Removing gd32f30x_timer.o(i.timer_counter_alignment), (16 bytes).
    Removing gd32f30x_timer.o(i.timer_counter_down_direction), (10 bytes).
    Removing gd32f30x_timer.o(i.timer_counter_read), (8 bytes).
    Removing gd32f30x_timer.o(i.timer_counter_up_direction), (10 bytes).
    Removing gd32f30x_timer.o(i.timer_counter_value_config), (4 bytes).
    Removing gd32f30x_timer.o(i.timer_deinit), (388 bytes).
    Removing gd32f30x_timer.o(i.timer_disable), (10 bytes).
    Removing gd32f30x_timer.o(i.timer_dma_disable), (8 bytes).
    Removing gd32f30x_timer.o(i.timer_dma_enable), (8 bytes).
    Removing gd32f30x_timer.o(i.timer_dma_transfer_config), (24 bytes).
    Removing gd32f30x_timer.o(i.timer_enable), (10 bytes).
    Removing gd32f30x_timer.o(i.timer_event_software_generate), (8 bytes).
    Removing gd32f30x_timer.o(i.timer_external_clock_mode0_config), (40 bytes).
    Removing gd32f30x_timer.o(i.timer_external_clock_mode1_config), (32 bytes).
    Removing gd32f30x_timer.o(i.timer_external_clock_mode1_disable), (10 bytes).
    Removing gd32f30x_timer.o(i.timer_external_trigger_as_external_clock_config), (166 bytes).
    Removing gd32f30x_timer.o(i.timer_external_trigger_config), (30 bytes).
    Removing gd32f30x_timer.o(i.timer_flag_clear), (6 bytes).
    Removing gd32f30x_timer.o(i.timer_flag_get), (16 bytes).
    Removing gd32f30x_timer.o(i.timer_hall_mode_config), (26 bytes).
    Removing gd32f30x_timer.o(i.timer_init), (152 bytes).
    Removing gd32f30x_timer.o(i.timer_input_capture_config), (326 bytes).
    Removing gd32f30x_timer.o(i.timer_input_pwm_capture_config), (356 bytes).
    Removing gd32f30x_timer.o(i.timer_input_trigger_source_select), (16 bytes).
    Removing gd32f30x_timer.o(i.timer_internal_clock_config), (10 bytes).
    Removing gd32f30x_timer.o(i.timer_internal_trigger_as_external_clock_config), (32 bytes).
    Removing gd32f30x_timer.o(i.timer_interrupt_disable), (8 bytes).
    Removing gd32f30x_timer.o(i.timer_interrupt_enable), (8 bytes).
    Removing gd32f30x_timer.o(i.timer_interrupt_flag_clear), (6 bytes).
    Removing gd32f30x_timer.o(i.timer_interrupt_flag_get), (24 bytes).
    Removing gd32f30x_timer.o(i.timer_master_output_trigger_source_select), (16 bytes).
    Removing gd32f30x_timer.o(i.timer_master_slave_mode_config), (26 bytes).
    Removing gd32f30x_timer.o(i.timer_output_value_selection_config), (34 bytes).
    Removing gd32f30x_timer.o(i.timer_prescaler_config), (14 bytes).
    Removing gd32f30x_timer.o(i.timer_prescaler_read), (10 bytes).
    Removing gd32f30x_timer.o(i.timer_primary_output_config), (24 bytes).
    Removing gd32f30x_timer.o(i.timer_quadrature_decoder_mode_config), (64 bytes).
    Removing gd32f30x_timer.o(i.timer_repetition_value_config), (4 bytes).
    Removing gd32f30x_timer.o(i.timer_single_pulse_mode_config), (26 bytes).
    Removing gd32f30x_timer.o(i.timer_slave_mode_select), (16 bytes).
    Removing gd32f30x_timer.o(i.timer_struct_para_init), (22 bytes).
    Removing gd32f30x_timer.o(i.timer_update_event_disable), (10 bytes).
    Removing gd32f30x_timer.o(i.timer_update_event_enable), (10 bytes).
    Removing gd32f30x_timer.o(i.timer_update_source_config), (26 bytes).
    Removing gd32f30x_timer.o(i.timer_write_chxval_register_config), (34 bytes).
    Removing gd32f30x_wwdgt.o(.rev16_text), (4 bytes).
    Removing gd32f30x_wwdgt.o(.revsh_text), (4 bytes).
    Removing gd32f30x_wwdgt.o(i.wwdgt_config), (28 bytes).
    Removing gd32f30x_wwdgt.o(i.wwdgt_counter_update), (16 bytes).
    Removing gd32f30x_wwdgt.o(i.wwdgt_deinit), (20 bytes).
    Removing gd32f30x_wwdgt.o(i.wwdgt_enable), (20 bytes).
    Removing gd32f30x_wwdgt.o(i.wwdgt_flag_clear), (12 bytes).
    Removing gd32f30x_wwdgt.o(i.wwdgt_flag_get), (24 bytes).
    Removing gd32f30x_wwdgt.o(i.wwdgt_interrupt_enable), (20 bytes).
    Removing gd32f30x_usart.o(.rev16_text), (4 bytes).
    Removing gd32f30x_usart.o(.revsh_text), (4 bytes).
    Removing gd32f30x_usart.o(i.usart_address_config), (20 bytes).
    Removing gd32f30x_usart.o(i.usart_baudrate_set), (144 bytes).
    Removing gd32f30x_usart.o(i.usart_block_length_config), (28 bytes).
    Removing gd32f30x_usart.o(i.usart_data_first_config), (20 bytes).
    Removing gd32f30x_usart.o(i.usart_data_receive), (10 bytes).
    Removing gd32f30x_usart.o(i.usart_data_transmit), (8 bytes).
    Removing gd32f30x_usart.o(i.usart_deinit), (144 bytes).
    Removing gd32f30x_usart.o(i.usart_disable), (10 bytes).
    Removing gd32f30x_usart.o(i.usart_dma_receive_config), (16 bytes).
    Removing gd32f30x_usart.o(i.usart_dma_transmit_config), (16 bytes).
    Removing gd32f30x_usart.o(i.usart_enable), (10 bytes).
    Removing gd32f30x_usart.o(i.usart_flag_clear), (26 bytes).
    Removing gd32f30x_usart.o(i.usart_flag_get), (30 bytes).
    Removing gd32f30x_usart.o(i.usart_guard_time_config), (24 bytes).
    Removing gd32f30x_usart.o(i.usart_halfduplex_disable), (10 bytes).
    Removing gd32f30x_usart.o(i.usart_halfduplex_enable), (10 bytes).
    Removing gd32f30x_usart.o(i.usart_hardware_flow_cts_config), (16 bytes).
    Removing gd32f30x_usart.o(i.usart_hardware_flow_rts_config), (16 bytes).
    Removing gd32f30x_usart.o(i.usart_interrupt_disable), (26 bytes).
    Removing gd32f30x_usart.o(i.usart_interrupt_enable), (26 bytes).
    Removing gd32f30x_usart.o(i.usart_interrupt_flag_clear), (26 bytes).
    Removing gd32f30x_usart.o(i.usart_interrupt_flag_get), (56 bytes).
    Removing gd32f30x_usart.o(i.usart_invert_config), (104 bytes).
    Removing gd32f30x_usart.o(i.usart_irda_lowpower_config), (20 bytes).
    Removing gd32f30x_usart.o(i.usart_irda_mode_disable), (10 bytes).
    Removing gd32f30x_usart.o(i.usart_irda_mode_enable), (10 bytes).
    Removing gd32f30x_usart.o(i.usart_lin_break_detection_length_config), (20 bytes).
    Removing gd32f30x_usart.o(i.usart_lin_mode_disable), (10 bytes).
    Removing gd32f30x_usart.o(i.usart_lin_mode_enable), (10 bytes).
    Removing gd32f30x_usart.o(i.usart_mute_mode_disable), (10 bytes).
    Removing gd32f30x_usart.o(i.usart_mute_mode_enable), (10 bytes).
    Removing gd32f30x_usart.o(i.usart_mute_mode_wakeup_config), (16 bytes).
    Removing gd32f30x_usart.o(i.usart_parity_config), (16 bytes).
    Removing gd32f30x_usart.o(i.usart_prescaler_config), (16 bytes).
    Removing gd32f30x_usart.o(i.usart_receive_config), (16 bytes).
    Removing gd32f30x_usart.o(i.usart_receiver_timeout_disable), (14 bytes).
    Removing gd32f30x_usart.o(i.usart_receiver_timeout_enable), (14 bytes).
    Removing gd32f30x_usart.o(i.usart_receiver_timeout_threshold_config), (20 bytes).
    Removing gd32f30x_usart.o(i.usart_send_break), (10 bytes).
    Removing gd32f30x_usart.o(i.usart_smartcard_autoretry_config), (26 bytes).
    Removing gd32f30x_usart.o(i.usart_smartcard_mode_disable), (10 bytes).
    Removing gd32f30x_usart.o(i.usart_smartcard_mode_enable), (10 bytes).
    Removing gd32f30x_usart.o(i.usart_smartcard_mode_nack_disable), (10 bytes).
    Removing gd32f30x_usart.o(i.usart_smartcard_mode_nack_enable), (10 bytes).
    Removing gd32f30x_usart.o(i.usart_stop_bit_set), (16 bytes).
    Removing gd32f30x_usart.o(i.usart_synchronous_clock_config), (34 bytes).
    Removing gd32f30x_usart.o(i.usart_synchronous_clock_disable), (10 bytes).
    Removing gd32f30x_usart.o(i.usart_synchronous_clock_enable), (10 bytes).
    Removing gd32f30x_usart.o(i.usart_transmit_config), (16 bytes).
    Removing gd32f30x_usart.o(i.usart_word_length_set), (16 bytes).
    Removing system_gd32f30x.o(.rev16_text), (4 bytes).
    Removing system_gd32f30x.o(.revsh_text), (4 bytes).
    Removing system_gd32f30x.o(i.SystemCoreClockUpdate), (428 bytes).
    Removing system_gd32f30x.o(.data), (4 bytes).

748 unused section(s) (total 48186 bytes) removed from the image.

==============================================================================

Image Symbol Table

    Local Symbols

    Symbol Name                              Value     Ov Type        Size  Object(Section)

    ../clib/angel/boardlib.s                 0x00000000   Number         0  boardinit1.o ABSOLUTE
    ../clib/angel/boardlib.s                 0x00000000   Number         0  boardinit2.o ABSOLUTE
    ../clib/angel/boardlib.s                 0x00000000   Number         0  boardinit3.o ABSOLUTE
    ../clib/angel/boardlib.s                 0x00000000   Number         0  boardshut.o ABSOLUTE
    ../clib/angel/handlers.s                 0x00000000   Number         0  __scatter_zi.o ABSOLUTE
    ../clib/angel/kernel.s                   0x00000000   Number         0  __rtentry2.o ABSOLUTE
    ../clib/angel/kernel.s                   0x00000000   Number         0  __rtentry.o ABSOLUTE
    ../clib/angel/kernel.s                   0x00000000   Number         0  __rtentry4.o ABSOLUTE
    ../clib/angel/kernel.s                   0x00000000   Number         0  rtexit2.o ABSOLUTE
    ../clib/angel/kernel.s                   0x00000000   Number         0  rtexit.o ABSOLUTE
    ../clib/angel/rt.s                       0x00000000   Number         0  rt_div0.o ABSOLUTE
    ../clib/angel/rt.s                       0x00000000   Number         0  aeabi_ldiv0_sigfpe.o ABSOLUTE
    ../clib/angel/rt.s                       0x00000000   Number         0  aeabi_ldiv0.o ABSOLUTE
    ../clib/angel/rt.s                       0x00000000   Number         0  rt_raise.o ABSOLUTE
    ../clib/angel/scatter.s                  0x00000000   Number         0  __scatter.o ABSOLUTE
    ../clib/angel/startup.s                  0x00000000   Number         0  __main.o ABSOLUTE
    ../clib/angel/sys.s                      0x00000000   Number         0  libspace.o ABSOLUTE
    ../clib/angel/sys.s                      0x00000000   Number         0  sys_stackheap_outer.o ABSOLUTE
    ../clib/angel/sys.s                      0x00000000   Number         0  indicate_semi.o ABSOLUTE
    ../clib/angel/sys.s                      0x00000000   Number         0  use_no_semi.o ABSOLUTE
    ../clib/angel/sysapp.c                   0x00000000   Number         0  sys_command.o ABSOLUTE
    ../clib/angel/sysapp.c                   0x00000000   Number         0  sys_exit.o ABSOLUTE
    ../clib/angel/sysapp.c                   0x00000000   Number         0  sys_wrch.o ABSOLUTE
    ../clib/armsys.c                         0x00000000   Number         0  argv_veneer.o ABSOLUTE
    ../clib/armsys.c                         0x00000000   Number         0  argv_veneer.o ABSOLUTE
    ../clib/armsys.c                         0x00000000   Number         0  no_argv.o ABSOLUTE
    ../clib/armsys.c                         0x00000000   Number         0  _get_argv_nomalloc.o ABSOLUTE
    ../clib/heapalloc.c                      0x00000000   Number         0  hrguard.o ABSOLUTE
    ../clib/heapaux.c                        0x00000000   Number         0  heapauxi.o ABSOLUTE
    ../clib/libinit.s                        0x00000000   Number         0  libinit.o ABSOLUTE
    ../clib/libinit.s                        0x00000000   Number         0  libshutdown2.o ABSOLUTE
    ../clib/libinit.s                        0x00000000   Number         0  libshutdown.o ABSOLUTE
    ../clib/libinit.s                        0x00000000   Number         0  libinit2.o ABSOLUTE
    ../clib/longlong.s                       0x00000000   Number         0  lludivv7m.o ABSOLUTE
    ../clib/signal.c                         0x00000000   Number         0  defsig_stak_inner.o ABSOLUTE
    ../clib/signal.c                         0x00000000   Number         0  defsig_pvfn_inner.o ABSOLUTE
    ../clib/signal.c                         0x00000000   Number         0  defsig_cppl_inner.o ABSOLUTE
    ../clib/signal.c                         0x00000000   Number         0  defsig_segv_inner.o ABSOLUTE
    ../clib/signal.c                         0x00000000   Number         0  defsig_other.o ABSOLUTE
    ../clib/signal.c                         0x00000000   Number         0  defsig_general.o ABSOLUTE
    ../clib/signal.c                         0x00000000   Number         0  __raise.o ABSOLUTE
    ../clib/signal.c                         0x00000000   Number         0  defsig_abrt_inner.o ABSOLUTE
    ../clib/signal.c                         0x00000000   Number         0  defsig_fpe_inner.o ABSOLUTE
    ../clib/signal.c                         0x00000000   Number         0  defsig_exit.o ABSOLUTE
    ../clib/signal.c                         0x00000000   Number         0  defsig_fpe_formal.o ABSOLUTE
    ../clib/signal.c                         0x00000000   Number         0  defsig_fpe_outer.o ABSOLUTE
    ../clib/signal.c                         0x00000000   Number         0  defsig_rtred_inner.o ABSOLUTE
    ../clib/signal.c                         0x00000000   Number         0  defsig_rtmem_inner.o ABSOLUTE
    ../clib/signal.c                         0x00000000   Number         0  defsig_rtmem_outer.o ABSOLUTE
    ../clib/signal.c                         0x00000000   Number         0  defsig_rtmem_formal.o ABSOLUTE
    ../clib/signal.s                         0x00000000   Number         0  defsig.o ABSOLUTE
    ../clib/stdlib.c                         0x00000000   Number         0  exit.o ABSOLUTE
    ../fplib/fpinit.s                        0x00000000   Number         0  fpinit.o ABSOLUTE
    CMSIS\GD\GD32F30x\Source\ARM\startup_gd32f30x_cl.s 0x00000000   Number         0  startup_gd32f30x_cl.o ABSOLUTE
    CMSIS\GD\GD32F30x\Source\system_gd32f30x.c 0x00000000   Number         0  system_gd32f30x.o ABSOLUTE
    CMSIS\\GD\\GD32F30x\\Source\\system_gd32f30x.c 0x00000000   Number         0  system_gd32f30x.o ABSOLUTE
    GD32F30x_standard_peripheral\Source\gd32f30x_adc.c 0x00000000   Number         0  gd32f30x_adc.o ABSOLUTE
    GD32F30x_standard_peripheral\Source\gd32f30x_bkp.c 0x00000000   Number         0  gd32f30x_bkp.o ABSOLUTE
    GD32F30x_standard_peripheral\Source\gd32f30x_can.c 0x00000000   Number         0  gd32f30x_can.o ABSOLUTE
    GD32F30x_standard_peripheral\Source\gd32f30x_crc.c 0x00000000   Number         0  gd32f30x_crc.o ABSOLUTE
    GD32F30x_standard_peripheral\Source\gd32f30x_ctc.c 0x00000000   Number         0  gd32f30x_ctc.o ABSOLUTE
    GD32F30x_standard_peripheral\Source\gd32f30x_dac.c 0x00000000   Number         0  gd32f30x_dac.o ABSOLUTE
    GD32F30x_standard_peripheral\Source\gd32f30x_dbg.c 0x00000000   Number         0  gd32f30x_dbg.o ABSOLUTE
    GD32F30x_standard_peripheral\Source\gd32f30x_dma.c 0x00000000   Number         0  gd32f30x_dma.o ABSOLUTE
    GD32F30x_standard_peripheral\Source\gd32f30x_enet.c 0x00000000   Number         0  gd32f30x_enet.o ABSOLUTE
    GD32F30x_standard_peripheral\Source\gd32f30x_exmc.c 0x00000000   Number         0  gd32f30x_exmc.o ABSOLUTE
    GD32F30x_standard_peripheral\Source\gd32f30x_exti.c 0x00000000   Number         0  gd32f30x_exti.o ABSOLUTE
    GD32F30x_standard_peripheral\Source\gd32f30x_fmc.c 0x00000000   Number         0  gd32f30x_fmc.o ABSOLUTE
    GD32F30x_standard_peripheral\Source\gd32f30x_fwdgt.c 0x00000000   Number         0  gd32f30x_fwdgt.o ABSOLUTE
    GD32F30x_standard_peripheral\Source\gd32f30x_gpio.c 0x00000000   Number         0  gd32f30x_gpio.o ABSOLUTE
    GD32F30x_standard_peripheral\Source\gd32f30x_i2c.c 0x00000000   Number         0  gd32f30x_i2c.o ABSOLUTE
    GD32F30x_standard_peripheral\Source\gd32f30x_misc.c 0x00000000   Number         0  gd32f30x_misc.o ABSOLUTE
    GD32F30x_standard_peripheral\Source\gd32f30x_pmu.c 0x00000000   Number         0  gd32f30x_pmu.o ABSOLUTE
    GD32F30x_standard_peripheral\Source\gd32f30x_rcu.c 0x00000000   Number         0  gd32f30x_rcu.o ABSOLUTE
    GD32F30x_standard_peripheral\Source\gd32f30x_rtc.c 0x00000000   Number         0  gd32f30x_rtc.o ABSOLUTE
    GD32F30x_standard_peripheral\Source\gd32f30x_sdio.c 0x00000000   Number         0  gd32f30x_sdio.o ABSOLUTE
    GD32F30x_standard_peripheral\Source\gd32f30x_spi.c 0x00000000   Number         0  gd32f30x_spi.o ABSOLUTE
    GD32F30x_standard_peripheral\Source\gd32f30x_timer.c 0x00000000   Number         0  gd32f30x_timer.o ABSOLUTE
    GD32F30x_standard_peripheral\Source\gd32f30x_usart.c 0x00000000   Number         0  gd32f30x_usart.o ABSOLUTE
    GD32F30x_standard_peripheral\Source\gd32f30x_wwdgt.c 0x00000000   Number         0  gd32f30x_wwdgt.o ABSOLUTE
    GD32F30x_standard_peripheral\\Source\\gd32f30x_adc.c 0x00000000   Number         0  gd32f30x_adc.o ABSOLUTE
    GD32F30x_standard_peripheral\\Source\\gd32f30x_bkp.c 0x00000000   Number         0  gd32f30x_bkp.o ABSOLUTE
    GD32F30x_standard_peripheral\\Source\\gd32f30x_can.c 0x00000000   Number         0  gd32f30x_can.o ABSOLUTE
    GD32F30x_standard_peripheral\\Source\\gd32f30x_crc.c 0x00000000   Number         0  gd32f30x_crc.o ABSOLUTE
    GD32F30x_standard_peripheral\\Source\\gd32f30x_ctc.c 0x00000000   Number         0  gd32f30x_ctc.o ABSOLUTE
    GD32F30x_standard_peripheral\\Source\\gd32f30x_dac.c 0x00000000   Number         0  gd32f30x_dac.o ABSOLUTE
    GD32F30x_standard_peripheral\\Source\\gd32f30x_dbg.c 0x00000000   Number         0  gd32f30x_dbg.o ABSOLUTE
    GD32F30x_standard_peripheral\\Source\\gd32f30x_dma.c 0x00000000   Number         0  gd32f30x_dma.o ABSOLUTE
    GD32F30x_standard_peripheral\\Source\\gd32f30x_enet.c 0x00000000   Number         0  gd32f30x_enet.o ABSOLUTE
    GD32F30x_standard_peripheral\\Source\\gd32f30x_exmc.c 0x00000000   Number         0  gd32f30x_exmc.o ABSOLUTE
    GD32F30x_standard_peripheral\\Source\\gd32f30x_exti.c 0x00000000   Number         0  gd32f30x_exti.o ABSOLUTE
    GD32F30x_standard_peripheral\\Source\\gd32f30x_fmc.c 0x00000000   Number         0  gd32f30x_fmc.o ABSOLUTE
    GD32F30x_standard_peripheral\\Source\\gd32f30x_fwdgt.c 0x00000000   Number         0  gd32f30x_fwdgt.o ABSOLUTE
    GD32F30x_standard_peripheral\\Source\\gd32f30x_gpio.c 0x00000000   Number         0  gd32f30x_gpio.o ABSOLUTE
    GD32F30x_standard_peripheral\\Source\\gd32f30x_i2c.c 0x00000000   Number         0  gd32f30x_i2c.o ABSOLUTE
    GD32F30x_standard_peripheral\\Source\\gd32f30x_misc.c 0x00000000   Number         0  gd32f30x_misc.o ABSOLUTE
    GD32F30x_standard_peripheral\\Source\\gd32f30x_pmu.c 0x00000000   Number         0  gd32f30x_pmu.o ABSOLUTE
    GD32F30x_standard_peripheral\\Source\\gd32f30x_rcu.c 0x00000000   Number         0  gd32f30x_rcu.o ABSOLUTE
    GD32F30x_standard_peripheral\\Source\\gd32f30x_rtc.c 0x00000000   Number         0  gd32f30x_rtc.o ABSOLUTE
    GD32F30x_standard_peripheral\\Source\\gd32f30x_sdio.c 0x00000000   Number         0  gd32f30x_sdio.o ABSOLUTE
    GD32F30x_standard_peripheral\\Source\\gd32f30x_spi.c 0x00000000   Number         0  gd32f30x_spi.o ABSOLUTE
    GD32F30x_standard_peripheral\\Source\\gd32f30x_timer.c 0x00000000   Number         0  gd32f30x_timer.o ABSOLUTE
    GD32F30x_standard_peripheral\\Source\\gd32f30x_usart.c 0x00000000   Number         0  gd32f30x_usart.o ABSOLUTE
    GD32F30x_standard_peripheral\\Source\\gd32f30x_wwdgt.c 0x00000000   Number         0  gd32f30x_wwdgt.o ABSOLUTE
    dc.s                                     0x00000000   Number         0  dc.o ABSOLUTE
    user\\src\\main.c                        0x00000000   Number         0  main.o ABSOLUTE
    user\src\main.c                          0x00000000   Number         0  main.o ABSOLUTE
    RESET                                    0x08000000   Section      336  startup_gd32f30x_cl.o(RESET)
    !!!main                                  0x08000150   Section        8  __main.o(!!!main)
    !!!scatter                               0x08000158   Section       52  __scatter.o(!!!scatter)
    !!handler_zi                             0x0800018c   Section       28  __scatter_zi.o(!!handler_zi)
    .ARM.Collect$$libinit$$00000000          0x080001a8   Section        2  libinit.o(.ARM.Collect$$libinit$$00000000)
    .ARM.Collect$$libinit$$00000001          0x080001aa   Section        4  libinit2.o(.ARM.Collect$$libinit$$00000001)
    .ARM.Collect$$libinit$$00000004          0x080001ae   Section        0  libinit2.o(.ARM.Collect$$libinit$$00000004)
    .ARM.Collect$$libinit$$0000000A          0x080001ae   Section        0  libinit2.o(.ARM.Collect$$libinit$$0000000A)
    .ARM.Collect$$libinit$$0000000C          0x080001ae   Section        0  libinit2.o(.ARM.Collect$$libinit$$0000000C)
    .ARM.Collect$$libinit$$0000000E          0x080001ae   Section        0  libinit2.o(.ARM.Collect$$libinit$$0000000E)
    .ARM.Collect$$libinit$$00000011          0x080001ae   Section        0  libinit2.o(.ARM.Collect$$libinit$$00000011)
    .ARM.Collect$$libinit$$00000013          0x080001ae   Section        0  libinit2.o(.ARM.Collect$$libinit$$00000013)
    .ARM.Collect$$libinit$$00000015          0x080001ae   Section        0  libinit2.o(.ARM.Collect$$libinit$$00000015)
    .ARM.Collect$$libinit$$00000017          0x080001ae   Section        0  libinit2.o(.ARM.Collect$$libinit$$00000017)
    .ARM.Collect$$libinit$$00000019          0x080001ae   Section        0  libinit2.o(.ARM.Collect$$libinit$$00000019)
    .ARM.Collect$$libinit$$0000001B          0x080001ae   Section        0  libinit2.o(.ARM.Collect$$libinit$$0000001B)
    .ARM.Collect$$libinit$$0000001D          0x080001ae   Section        0  libinit2.o(.ARM.Collect$$libinit$$0000001D)
    .ARM.Collect$$libinit$$0000001F          0x080001ae   Section        0  libinit2.o(.ARM.Collect$$libinit$$0000001F)
    .ARM.Collect$$libinit$$00000021          0x080001ae   Section        0  libinit2.o(.ARM.Collect$$libinit$$00000021)
    .ARM.Collect$$libinit$$00000023          0x080001ae   Section        0  libinit2.o(.ARM.Collect$$libinit$$00000023)
    .ARM.Collect$$libinit$$00000025          0x080001ae   Section        0  libinit2.o(.ARM.Collect$$libinit$$00000025)
    .ARM.Collect$$libinit$$0000002C          0x080001ae   Section        0  libinit2.o(.ARM.Collect$$libinit$$0000002C)
    .ARM.Collect$$libinit$$0000002E          0x080001ae   Section        0  libinit2.o(.ARM.Collect$$libinit$$0000002E)
    .ARM.Collect$$libinit$$00000030          0x080001ae   Section        0  libinit2.o(.ARM.Collect$$libinit$$00000030)
    .ARM.Collect$$libinit$$00000032          0x080001ae   Section        0  libinit2.o(.ARM.Collect$$libinit$$00000032)
    .ARM.Collect$$libinit$$00000033          0x080001ae   Section        2  libinit2.o(.ARM.Collect$$libinit$$00000033)
    .ARM.Collect$$libshutdown$$00000000      0x080001b0   Section        2  libshutdown.o(.ARM.Collect$$libshutdown$$00000000)
    .ARM.Collect$$libshutdown$$00000002      0x080001b2   Section        0  libshutdown2.o(.ARM.Collect$$libshutdown$$00000002)
    .ARM.Collect$$libshutdown$$00000004      0x080001b2   Section        0  libshutdown2.o(.ARM.Collect$$libshutdown$$00000004)
    .ARM.Collect$$libshutdown$$00000007      0x080001b2   Section        0  libshutdown2.o(.ARM.Collect$$libshutdown$$00000007)
    .ARM.Collect$$libshutdown$$0000000A      0x080001b2   Section        0  libshutdown2.o(.ARM.Collect$$libshutdown$$0000000A)
    .ARM.Collect$$libshutdown$$0000000C      0x080001b2   Section        0  libshutdown2.o(.ARM.Collect$$libshutdown$$0000000C)
    .ARM.Collect$$libshutdown$$0000000F      0x080001b2   Section        0  libshutdown2.o(.ARM.Collect$$libshutdown$$0000000F)
    .ARM.Collect$$libshutdown$$00000010      0x080001b2   Section        2  libshutdown2.o(.ARM.Collect$$libshutdown$$00000010)
    .ARM.Collect$$rtentry$$00000000          0x080001b4   Section        0  __rtentry.o(.ARM.Collect$$rtentry$$00000000)
    .ARM.Collect$$rtentry$$00000002          0x080001b4   Section        0  __rtentry2.o(.ARM.Collect$$rtentry$$00000002)
    .ARM.Collect$$rtentry$$00000004          0x080001b4   Section        6  __rtentry4.o(.ARM.Collect$$rtentry$$00000004)
    .ARM.Collect$$rtentry$$00000009          0x080001ba   Section        0  __rtentry2.o(.ARM.Collect$$rtentry$$00000009)
    .ARM.Collect$$rtentry$$0000000A          0x080001ba   Section        4  __rtentry2.o(.ARM.Collect$$rtentry$$0000000A)
    .ARM.Collect$$rtentry$$0000000C          0x080001be   Section        0  __rtentry2.o(.ARM.Collect$$rtentry$$0000000C)
    .ARM.Collect$$rtentry$$0000000D          0x080001be   Section        8  __rtentry2.o(.ARM.Collect$$rtentry$$0000000D)
    .ARM.Collect$$rtexit$$00000000           0x080001c6   Section        2  rtexit.o(.ARM.Collect$$rtexit$$00000000)
    .ARM.Collect$$rtexit$$00000002           0x080001c8   Section        0  rtexit2.o(.ARM.Collect$$rtexit$$00000002)
    .ARM.Collect$$rtexit$$00000003           0x080001c8   Section        4  rtexit2.o(.ARM.Collect$$rtexit$$00000003)
    .ARM.Collect$$rtexit$$00000004           0x080001cc   Section        6  rtexit2.o(.ARM.Collect$$rtexit$$00000004)
    .text                                    0x080001d4   Section       64  startup_gd32f30x_cl.o(.text)
    $v0                                      0x080001d4   Number         0  startup_gd32f30x_cl.o(.text)
    .text                                    0x08000214   Section        0  heapauxi.o(.text)
    .text                                    0x0800021a   Section       74  sys_stackheap_outer.o(.text)
    .text                                    0x08000264   Section        0  exit.o(.text)
    .text                                    0x08000278   Section        8  libspace.o(.text)
    .text                                    0x08000280   Section        0  sys_exit.o(.text)
    .text                                    0x0800028c   Section        2  use_no_semi.o(.text)
    .text                                    0x0800028e   Section        0  indicate_semi.o(.text)
    i.SystemInit                             0x08000290   Section        0  system_gd32f30x.o(i.SystemInit)
    i.main                                   0x08000338   Section        0  main.o(i.main)
    i.system_clock_120m_hxtal                0x0800033c   Section        0  system_gd32f30x.o(i.system_clock_120m_hxtal)
    system_clock_120m_hxtal                  0x0800033d   Thumb Code   288  system_gd32f30x.o(i.system_clock_120m_hxtal)
    i.system_clock_config                    0x08000474   Section        0  system_gd32f30x.o(i.system_clock_config)
    system_clock_config                      0x08000475   Thumb Code     8  system_gd32f30x.o(i.system_clock_config)
    x$fpl$fpinit                             0x0800047c   Section       10  fpinit.o(x$fpl$fpinit)
    $v0                                      0x0800047c   Number         0  fpinit.o(x$fpl$fpinit)
    .bss                                     0x20000000   Section       96  libspace.o(.bss)
    HEAP                                     0x20000060   Section     1024  startup_gd32f30x_cl.o(HEAP)
    Heap_Mem                                 0x20000060   Data        1024  startup_gd32f30x_cl.o(HEAP)
    STACK                                    0x20000460   Section     1024  startup_gd32f30x_cl.o(STACK)
    Stack_Mem                                0x20000460   Data        1024  startup_gd32f30x_cl.o(STACK)
    __initial_sp                             0x20000860   Data           0  startup_gd32f30x_cl.o(STACK)

    Global Symbols

    Symbol Name                              Value     Ov Type        Size  Object(Section)

    BuildAttributes$$THM_ISAv4$E$P$D$K$B$S$7EM$VFPi3$EXTD16$VFPS$VFMA$PE$A:L22UL41UL21$X:L11$S22US41US21$IEEE1$IW$USESV6$~STKCKD$USESV7$~SHL$OSPACE$ROPI$EBA8$UX$STANDARDLIB$REQ8$PRES8$EABIv2 0x00000000   Number         0  anon$$obj.o ABSOLUTE
    __ARM_use_no_argv                        0x00000000   Number         0  main.o ABSOLUTE
    __ARM_exceptions_init                     - Undefined Weak Reference
    __alloca_initialize                       - Undefined Weak Reference
    __arm_preinit_                            - Undefined Weak Reference
    __cpp_initialize__aeabi_                  - Undefined Weak Reference
    __cxa_finalize                            - Undefined Weak Reference
    __rt_locale                               - Undefined Weak Reference
    __sigvec_lookup                           - Undefined Weak Reference
    _atexit_init                              - Undefined Weak Reference
    _call_atexit_fns                          - Undefined Weak Reference
    _clock_init                               - Undefined Weak Reference
    _fp_trap_init                             - Undefined Weak Reference
    _fp_trap_shutdown                         - Undefined Weak Reference
    _get_lc_collate                           - Undefined Weak Reference
    _get_lc_ctype                             - Undefined Weak Reference
    _get_lc_monetary                          - Undefined Weak Reference
    _get_lc_numeric                           - Undefined Weak Reference
    _get_lc_time                              - Undefined Weak Reference
    _getenv_init                              - Undefined Weak Reference
    _handle_redirection                       - Undefined Weak Reference
    _init_alloc                               - Undefined Weak Reference
    _init_user_alloc                          - Undefined Weak Reference
    _initio                                   - Undefined Weak Reference
    _rand_init                                - Undefined Weak Reference
    _signal_finish                            - Undefined Weak Reference
    _signal_init                              - Undefined Weak Reference
    _terminate_alloc                          - Undefined Weak Reference
    _terminate_user_alloc                     - Undefined Weak Reference
    _terminateio                              - Undefined Weak Reference
    __Vectors_Size                           0x00000150   Number         0  startup_gd32f30x_cl.o ABSOLUTE
    __Vectors                                0x08000000   Data           4  startup_gd32f30x_cl.o(RESET)
    __Vectors_End                            0x08000150   Data           0  startup_gd32f30x_cl.o(RESET)
    __main                                   0x08000151   Thumb Code     8  __main.o(!!!main)
    __scatterload                            0x08000159   Thumb Code     0  __scatter.o(!!!scatter)
    __scatterload_rt2                        0x08000159   Thumb Code    44  __scatter.o(!!!scatter)
    __scatterload_rt2_thumb_only             0x08000159   Thumb Code     0  __scatter.o(!!!scatter)
    __scatterload_null                       0x08000167   Thumb Code     0  __scatter.o(!!!scatter)
    __scatterload_zeroinit                   0x0800018d   Thumb Code    28  __scatter_zi.o(!!handler_zi)
    __rt_lib_init                            0x080001a9   Thumb Code     0  libinit.o(.ARM.Collect$$libinit$$00000000)
    __rt_lib_init_fp_1                       0x080001ab   Thumb Code     0  libinit2.o(.ARM.Collect$$libinit$$00000001)
    __rt_lib_init_alloca_1                   0x080001af   Thumb Code     0  libinit2.o(.ARM.Collect$$libinit$$0000002E)
    __rt_lib_init_argv_1                     0x080001af   Thumb Code     0  libinit2.o(.ARM.Collect$$libinit$$0000002C)
    __rt_lib_init_atexit_1                   0x080001af   Thumb Code     0  libinit2.o(.ARM.Collect$$libinit$$0000001B)
    __rt_lib_init_clock_1                    0x080001af   Thumb Code     0  libinit2.o(.ARM.Collect$$libinit$$00000021)
    __rt_lib_init_cpp_1                      0x080001af   Thumb Code     0  libinit2.o(.ARM.Collect$$libinit$$00000032)
    __rt_lib_init_exceptions_1               0x080001af   Thumb Code     0  libinit2.o(.ARM.Collect$$libinit$$00000030)
    __rt_lib_init_fp_trap_1                  0x080001af   Thumb Code     0  libinit2.o(.ARM.Collect$$libinit$$0000001F)
    __rt_lib_init_getenv_1                   0x080001af   Thumb Code     0  libinit2.o(.ARM.Collect$$libinit$$00000023)
    __rt_lib_init_heap_1                     0x080001af   Thumb Code     0  libinit2.o(.ARM.Collect$$libinit$$0000000A)
    __rt_lib_init_lc_collate_1               0x080001af   Thumb Code     0  libinit2.o(.ARM.Collect$$libinit$$00000011)
    __rt_lib_init_lc_ctype_1                 0x080001af   Thumb Code     0  libinit2.o(.ARM.Collect$$libinit$$00000013)
    __rt_lib_init_lc_monetary_1              0x080001af   Thumb Code     0  libinit2.o(.ARM.Collect$$libinit$$00000015)
    __rt_lib_init_lc_numeric_1               0x080001af   Thumb Code     0  libinit2.o(.ARM.Collect$$libinit$$00000017)
    __rt_lib_init_lc_time_1                  0x080001af   Thumb Code     0  libinit2.o(.ARM.Collect$$libinit$$00000019)
    __rt_lib_init_preinit_1                  0x080001af   Thumb Code     0  libinit2.o(.ARM.Collect$$libinit$$00000004)
    __rt_lib_init_rand_1                     0x080001af   Thumb Code     0  libinit2.o(.ARM.Collect$$libinit$$0000000E)
    __rt_lib_init_return                     0x080001af   Thumb Code     0  libinit2.o(.ARM.Collect$$libinit$$00000033)
    __rt_lib_init_signal_1                   0x080001af   Thumb Code     0  libinit2.o(.ARM.Collect$$libinit$$0000001D)
    __rt_lib_init_stdio_1                    0x080001af   Thumb Code     0  libinit2.o(.ARM.Collect$$libinit$$00000025)
    __rt_lib_init_user_alloc_1               0x080001af   Thumb Code     0  libinit2.o(.ARM.Collect$$libinit$$0000000C)
    __rt_lib_shutdown                        0x080001b1   Thumb Code     0  libshutdown.o(.ARM.Collect$$libshutdown$$00000000)
    __rt_lib_shutdown_cpp_1                  0x080001b3   Thumb Code     0  libshutdown2.o(.ARM.Collect$$libshutdown$$00000002)
    __rt_lib_shutdown_fp_trap_1              0x080001b3   Thumb Code     0  libshutdown2.o(.ARM.Collect$$libshutdown$$00000007)
    __rt_lib_shutdown_heap_1                 0x080001b3   Thumb Code     0  libshutdown2.o(.ARM.Collect$$libshutdown$$0000000F)
    __rt_lib_shutdown_return                 0x080001b3   Thumb Code     0  libshutdown2.o(.ARM.Collect$$libshutdown$$00000010)
    __rt_lib_shutdown_signal_1               0x080001b3   Thumb Code     0  libshutdown2.o(.ARM.Collect$$libshutdown$$0000000A)
    __rt_lib_shutdown_stdio_1                0x080001b3   Thumb Code     0  libshutdown2.o(.ARM.Collect$$libshutdown$$00000004)
    __rt_lib_shutdown_user_alloc_1           0x080001b3   Thumb Code     0  libshutdown2.o(.ARM.Collect$$libshutdown$$0000000C)
    __rt_entry                               0x080001b5   Thumb Code     0  __rtentry.o(.ARM.Collect$$rtentry$$00000000)
    __rt_entry_presh_1                       0x080001b5   Thumb Code     0  __rtentry2.o(.ARM.Collect$$rtentry$$00000002)
    __rt_entry_sh                            0x080001b5   Thumb Code     0  __rtentry4.o(.ARM.Collect$$rtentry$$00000004)
    __rt_entry_li                            0x080001bb   Thumb Code     0  __rtentry2.o(.ARM.Collect$$rtentry$$0000000A)
    __rt_entry_postsh_1                      0x080001bb   Thumb Code     0  __rtentry2.o(.ARM.Collect$$rtentry$$00000009)
    __rt_entry_main                          0x080001bf   Thumb Code     0  __rtentry2.o(.ARM.Collect$$rtentry$$0000000D)
    __rt_entry_postli_1                      0x080001bf   Thumb Code     0  __rtentry2.o(.ARM.Collect$$rtentry$$0000000C)
    __rt_exit                                0x080001c7   Thumb Code     0  rtexit.o(.ARM.Collect$$rtexit$$00000000)
    __rt_exit_ls                             0x080001c9   Thumb Code     0  rtexit2.o(.ARM.Collect$$rtexit$$00000003)
    __rt_exit_prels_1                        0x080001c9   Thumb Code     0  rtexit2.o(.ARM.Collect$$rtexit$$00000002)
    __rt_exit_exit                           0x080001cd   Thumb Code     0  rtexit2.o(.ARM.Collect$$rtexit$$00000004)
    Reset_Handler                            0x080001d5   Thumb Code     8  startup_gd32f30x_cl.o(.text)
    NMI_Handler                              0x080001dd   Thumb Code     2  startup_gd32f30x_cl.o(.text)
    HardFault_Handler                        0x080001df   Thumb Code     2  startup_gd32f30x_cl.o(.text)
    MemManage_Handler                        0x080001e1   Thumb Code     2  startup_gd32f30x_cl.o(.text)
    BusFault_Handler                         0x080001e3   Thumb Code     2  startup_gd32f30x_cl.o(.text)
    UsageFault_Handler                       0x080001e5   Thumb Code     2  startup_gd32f30x_cl.o(.text)
    SVC_Handler                              0x080001e7   Thumb Code     2  startup_gd32f30x_cl.o(.text)
    DebugMon_Handler                         0x080001e9   Thumb Code     2  startup_gd32f30x_cl.o(.text)
    PendSV_Handler                           0x080001eb   Thumb Code     2  startup_gd32f30x_cl.o(.text)
    SysTick_Handler                          0x080001ed   Thumb Code     2  startup_gd32f30x_cl.o(.text)
    ADC0_1_IRQHandler                        0x080001ef   Thumb Code     0  startup_gd32f30x_cl.o(.text)
    CAN0_EWMC_IRQHandler                     0x080001ef   Thumb Code     0  startup_gd32f30x_cl.o(.text)
    CAN0_RX0_IRQHandler                      0x080001ef   Thumb Code     0  startup_gd32f30x_cl.o(.text)
    CAN0_RX1_IRQHandler                      0x080001ef   Thumb Code     0  startup_gd32f30x_cl.o(.text)
    CAN0_TX_IRQHandler                       0x080001ef   Thumb Code     0  startup_gd32f30x_cl.o(.text)
    CAN1_EWMC_IRQHandler                     0x080001ef   Thumb Code     0  startup_gd32f30x_cl.o(.text)
    CAN1_RX0_IRQHandler                      0x080001ef   Thumb Code     0  startup_gd32f30x_cl.o(.text)
    CAN1_RX1_IRQHandler                      0x080001ef   Thumb Code     0  startup_gd32f30x_cl.o(.text)
    CAN1_TX_IRQHandler                       0x080001ef   Thumb Code     0  startup_gd32f30x_cl.o(.text)
    DMA0_Channel0_IRQHandler                 0x080001ef   Thumb Code     0  startup_gd32f30x_cl.o(.text)
    DMA0_Channel1_IRQHandler                 0x080001ef   Thumb Code     0  startup_gd32f30x_cl.o(.text)
    DMA0_Channel2_IRQHandler                 0x080001ef   Thumb Code     0  startup_gd32f30x_cl.o(.text)
    DMA0_Channel3_IRQHandler                 0x080001ef   Thumb Code     0  startup_gd32f30x_cl.o(.text)
    DMA0_Channel4_IRQHandler                 0x080001ef   Thumb Code     0  startup_gd32f30x_cl.o(.text)
    DMA0_Channel5_IRQHandler                 0x080001ef   Thumb Code     0  startup_gd32f30x_cl.o(.text)
    DMA0_Channel6_IRQHandler                 0x080001ef   Thumb Code     0  startup_gd32f30x_cl.o(.text)
    DMA1_Channel0_IRQHandler                 0x080001ef   Thumb Code     0  startup_gd32f30x_cl.o(.text)
    DMA1_Channel1_IRQHandler                 0x080001ef   Thumb Code     0  startup_gd32f30x_cl.o(.text)
    DMA1_Channel2_IRQHandler                 0x080001ef   Thumb Code     0  startup_gd32f30x_cl.o(.text)
    DMA1_Channel3_IRQHandler                 0x080001ef   Thumb Code     0  startup_gd32f30x_cl.o(.text)
    DMA1_Channel4_IRQHandler                 0x080001ef   Thumb Code     0  startup_gd32f30x_cl.o(.text)
    ENET_IRQHandler                          0x080001ef   Thumb Code     0  startup_gd32f30x_cl.o(.text)
    ENET_WKUP_IRQHandler                     0x080001ef   Thumb Code     0  startup_gd32f30x_cl.o(.text)
    EXMC_IRQHandler                          0x080001ef   Thumb Code     0  startup_gd32f30x_cl.o(.text)
    EXTI0_IRQHandler                         0x080001ef   Thumb Code     0  startup_gd32f30x_cl.o(.text)
    EXTI10_15_IRQHandler                     0x080001ef   Thumb Code     0  startup_gd32f30x_cl.o(.text)
    EXTI1_IRQHandler                         0x080001ef   Thumb Code     0  startup_gd32f30x_cl.o(.text)
    EXTI2_IRQHandler                         0x080001ef   Thumb Code     0  startup_gd32f30x_cl.o(.text)
    EXTI3_IRQHandler                         0x080001ef   Thumb Code     0  startup_gd32f30x_cl.o(.text)
    EXTI4_IRQHandler                         0x080001ef   Thumb Code     0  startup_gd32f30x_cl.o(.text)
    EXTI5_9_IRQHandler                       0x080001ef   Thumb Code     0  startup_gd32f30x_cl.o(.text)
    FMC_IRQHandler                           0x080001ef   Thumb Code     0  startup_gd32f30x_cl.o(.text)
    I2C0_ER_IRQHandler                       0x080001ef   Thumb Code     0  startup_gd32f30x_cl.o(.text)
    I2C0_EV_IRQHandler                       0x080001ef   Thumb Code     0  startup_gd32f30x_cl.o(.text)
    I2C1_ER_IRQHandler                       0x080001ef   Thumb Code     0  startup_gd32f30x_cl.o(.text)
    I2C1_EV_IRQHandler                       0x080001ef   Thumb Code     0  startup_gd32f30x_cl.o(.text)
    LVD_IRQHandler                           0x080001ef   Thumb Code     0  startup_gd32f30x_cl.o(.text)
    RCU_CTC_IRQHandler                       0x080001ef   Thumb Code     0  startup_gd32f30x_cl.o(.text)
    RTC_Alarm_IRQHandler                     0x080001ef   Thumb Code     0  startup_gd32f30x_cl.o(.text)
    RTC_IRQHandler                           0x080001ef   Thumb Code     0  startup_gd32f30x_cl.o(.text)
    SPI0_IRQHandler                          0x080001ef   Thumb Code     0  startup_gd32f30x_cl.o(.text)
    SPI1_IRQHandler                          0x080001ef   Thumb Code     0  startup_gd32f30x_cl.o(.text)
    SPI2_IRQHandler                          0x080001ef   Thumb Code     0  startup_gd32f30x_cl.o(.text)
    TAMPER_IRQHandler                        0x080001ef   Thumb Code     0  startup_gd32f30x_cl.o(.text)
    TIMER0_BRK_TIMER8_IRQHandler             0x080001ef   Thumb Code     0  startup_gd32f30x_cl.o(.text)
    TIMER0_Channel_IRQHandler                0x080001ef   Thumb Code     0  startup_gd32f30x_cl.o(.text)
    TIMER0_TRG_CMT_TIMER10_IRQHandler        0x080001ef   Thumb Code     0  startup_gd32f30x_cl.o(.text)
    TIMER0_UP_TIMER9_IRQHandler              0x080001ef   Thumb Code     0  startup_gd32f30x_cl.o(.text)
    TIMER1_IRQHandler                        0x080001ef   Thumb Code     0  startup_gd32f30x_cl.o(.text)
    TIMER2_IRQHandler                        0x080001ef   Thumb Code     0  startup_gd32f30x_cl.o(.text)
    TIMER3_IRQHandler                        0x080001ef   Thumb Code     0  startup_gd32f30x_cl.o(.text)
    TIMER4_IRQHandler                        0x080001ef   Thumb Code     0  startup_gd32f30x_cl.o(.text)
    TIMER5_IRQHandler                        0x080001ef   Thumb Code     0  startup_gd32f30x_cl.o(.text)
    TIMER6_IRQHandler                        0x080001ef   Thumb Code     0  startup_gd32f30x_cl.o(.text)
    TIMER7_BRK_TIMER11_IRQHandler            0x080001ef   Thumb Code     0  startup_gd32f30x_cl.o(.text)
    TIMER7_Channel_IRQHandler                0x080001ef   Thumb Code     0  startup_gd32f30x_cl.o(.text)
    TIMER7_TRG_CMT_TIMER13_IRQHandler        0x080001ef   Thumb Code     0  startup_gd32f30x_cl.o(.text)
    TIMER7_UP_TIMER12_IRQHandler             0x080001ef   Thumb Code     0  startup_gd32f30x_cl.o(.text)
    UART3_IRQHandler                         0x080001ef   Thumb Code     0  startup_gd32f30x_cl.o(.text)
    UART4_IRQHandler                         0x080001ef   Thumb Code     0  startup_gd32f30x_cl.o(.text)
    USART0_IRQHandler                        0x080001ef   Thumb Code     0  startup_gd32f30x_cl.o(.text)
    USART1_IRQHandler                        0x080001ef   Thumb Code     0  startup_gd32f30x_cl.o(.text)
    USART2_IRQHandler                        0x080001ef   Thumb Code     0  startup_gd32f30x_cl.o(.text)
    USBFS_IRQHandler                         0x080001ef   Thumb Code     0  startup_gd32f30x_cl.o(.text)
    USBFS_WKUP_IRQHandler                    0x080001ef   Thumb Code     0  startup_gd32f30x_cl.o(.text)
    WWDGT_IRQHandler                         0x080001ef   Thumb Code     0  startup_gd32f30x_cl.o(.text)
    __user_initial_stackheap                 0x080001f1   Thumb Code    10  startup_gd32f30x_cl.o(.text)
    __use_two_region_memory                  0x08000215   Thumb Code     2  heapauxi.o(.text)
    __rt_heap_escrow$2region                 0x08000217   Thumb Code     2  heapauxi.o(.text)
    __rt_heap_expand$2region                 0x08000219   Thumb Code     2  heapauxi.o(.text)
    __user_setup_stackheap                   0x0800021b   Thumb Code    74  sys_stackheap_outer.o(.text)
    exit                                     0x08000265   Thumb Code    18  exit.o(.text)
    __user_libspace                          0x08000279   Thumb Code     8  libspace.o(.text)
    __user_perproc_libspace                  0x08000279   Thumb Code     0  libspace.o(.text)
    __user_perthread_libspace                0x08000279   Thumb Code     0  libspace.o(.text)
    _sys_exit                                0x08000281   Thumb Code     8  sys_exit.o(.text)
    __I$use$semihosting                      0x0800028d   Thumb Code     0  use_no_semi.o(.text)
    __use_no_semihosting_swi                 0x0800028d   Thumb Code     2  use_no_semi.o(.text)
    __semihosting_library_function           0x0800028f   Thumb Code     0  indicate_semi.o(.text)
    SystemInit                               0x08000291   Thumb Code   156  system_gd32f30x.o(i.SystemInit)
    main                                     0x08000339   Thumb Code     4  main.o(i.main)
    _fp_init                                 0x0800047d   Thumb Code    10  fpinit.o(x$fpl$fpinit)
    __fplib_config_fpu_vfp                   0x08000485   Thumb Code     0  fpinit.o(x$fpl$fpinit)
    __fplib_config_pureend_doubles           0x08000485   Thumb Code     0  fpinit.o(x$fpl$fpinit)
    Region$$Table$$Base                      0x08000488   Number         0  anon$$obj.o(Region$$Table)
    Region$$Table$$Limit                     0x08000498   Number         0  anon$$obj.o(Region$$Table)
    __libspace_start                         0x20000000   Data          96  libspace.o(.bss)
    __temporary_stack_top$libspace           0x20000060   Data           0  libspace.o(.bss)



==============================================================================

Memory Map of the image

  Image Entry point : 0x080001d5

  Load Region LR_1 (Base: 0x08000000, Size: 0x00000498, Max: 0xffffffff, ABSOLUTE)

    Execution Region ER_RO (Exec base: 0x08000000, Load base: 0x08000000, Size: 0x00000498, Max: 0xffffffff, ABSOLUTE)

    Exec Addr    Load Addr    Size         Type   Attr      Idx    E Section Name        Object

    0x08000000   0x08000000   0x00000150   Data   RO         4648    RESET               startup_gd32f30x_cl.o
    0x08000150   0x08000150   0x00000008   Code   RO         4659  * !!!main             c_w.l(__main.o)
    0x08000158   0x08000158   0x00000034   Code   RO         4826    !!!scatter          c_w.l(__scatter.o)
    0x0800018c   0x0800018c   0x0000001c   Code   RO         4828    !!handler_zi        c_w.l(__scatter_zi.o)
    0x080001a8   0x080001a8   0x00000002   Code   RO         4696    .ARM.Collect$$libinit$$00000000  c_w.l(libinit.o)
    0x080001aa   0x080001aa   0x00000004   Code   RO         4708    .ARM.Collect$$libinit$$00000001  c_w.l(libinit2.o)
    0x080001ae   0x080001ae   0x00000000   Code   RO         4711    .ARM.Collect$$libinit$$00000004  c_w.l(libinit2.o)
    0x080001ae   0x080001ae   0x00000000   Code   RO         4714    .ARM.Collect$$libinit$$0000000A  c_w.l(libinit2.o)
    0x080001ae   0x080001ae   0x00000000   Code   RO         4716    .ARM.Collect$$libinit$$0000000C  c_w.l(libinit2.o)
    0x080001ae   0x080001ae   0x00000000   Code   RO         4718    .ARM.Collect$$libinit$$0000000E  c_w.l(libinit2.o)
    0x080001ae   0x080001ae   0x00000000   Code   RO         4721    .ARM.Collect$$libinit$$00000011  c_w.l(libinit2.o)
    0x080001ae   0x080001ae   0x00000000   Code   RO         4723    .ARM.Collect$$libinit$$00000013  c_w.l(libinit2.o)
    0x080001ae   0x080001ae   0x00000000   Code   RO         4725    .ARM.Collect$$libinit$$00000015  c_w.l(libinit2.o)
    0x080001ae   0x080001ae   0x00000000   Code   RO         4727    .ARM.Collect$$libinit$$00000017  c_w.l(libinit2.o)
    0x080001ae   0x080001ae   0x00000000   Code   RO         4729    .ARM.Collect$$libinit$$00000019  c_w.l(libinit2.o)
    0x080001ae   0x080001ae   0x00000000   Code   RO         4731    .ARM.Collect$$libinit$$0000001B  c_w.l(libinit2.o)
    0x080001ae   0x080001ae   0x00000000   Code   RO         4733    .ARM.Collect$$libinit$$0000001D  c_w.l(libinit2.o)
    0x080001ae   0x080001ae   0x00000000   Code   RO         4735    .ARM.Collect$$libinit$$0000001F  c_w.l(libinit2.o)
    0x080001ae   0x080001ae   0x00000000   Code   RO         4737    .ARM.Collect$$libinit$$00000021  c_w.l(libinit2.o)
    0x080001ae   0x080001ae   0x00000000   Code   RO         4739    .ARM.Collect$$libinit$$00000023  c_w.l(libinit2.o)
    0x080001ae   0x080001ae   0x00000000   Code   RO         4741    .ARM.Collect$$libinit$$00000025  c_w.l(libinit2.o)
    0x080001ae   0x080001ae   0x00000000   Code   RO         4745    .ARM.Collect$$libinit$$0000002C  c_w.l(libinit2.o)
    0x080001ae   0x080001ae   0x00000000   Code   RO         4747    .ARM.Collect$$libinit$$0000002E  c_w.l(libinit2.o)
    0x080001ae   0x080001ae   0x00000000   Code   RO         4749    .ARM.Collect$$libinit$$00000030  c_w.l(libinit2.o)
    0x080001ae   0x080001ae   0x00000000   Code   RO         4751    .ARM.Collect$$libinit$$00000032  c_w.l(libinit2.o)
    0x080001ae   0x080001ae   0x00000002   Code   RO         4752    .ARM.Collect$$libinit$$00000033  c_w.l(libinit2.o)
    0x080001b0   0x080001b0   0x00000002   Code   RO         4783    .ARM.Collect$$libshutdown$$00000000  c_w.l(libshutdown.o)
    0x080001b2   0x080001b2   0x00000000   Code   RO         4809    .ARM.Collect$$libshutdown$$00000002  c_w.l(libshutdown2.o)
    0x080001b2   0x080001b2   0x00000000   Code   RO         4811    .ARM.Collect$$libshutdown$$00000004  c_w.l(libshutdown2.o)
    0x080001b2   0x080001b2   0x00000000   Code   RO         4814    .ARM.Collect$$libshutdown$$00000007  c_w.l(libshutdown2.o)
    0x080001b2   0x080001b2   0x00000000   Code   RO         4817    .ARM.Collect$$libshutdown$$0000000A  c_w.l(libshutdown2.o)
    0x080001b2   0x080001b2   0x00000000   Code   RO         4819    .ARM.Collect$$libshutdown$$0000000C  c_w.l(libshutdown2.o)
    0x080001b2   0x080001b2   0x00000000   Code   RO         4822    .ARM.Collect$$libshutdown$$0000000F  c_w.l(libshutdown2.o)
    0x080001b2   0x080001b2   0x00000002   Code   RO         4823    .ARM.Collect$$libshutdown$$00000010  c_w.l(libshutdown2.o)
    0x080001b4   0x080001b4   0x00000000   Code   RO         4661    .ARM.Collect$$rtentry$$00000000  c_w.l(__rtentry.o)
    0x080001b4   0x080001b4   0x00000000   Code   RO         4667    .ARM.Collect$$rtentry$$00000002  c_w.l(__rtentry2.o)
    0x080001b4   0x080001b4   0x00000006   Code   RO         4679    .ARM.Collect$$rtentry$$00000004  c_w.l(__rtentry4.o)
    0x080001ba   0x080001ba   0x00000000   Code   RO         4669    .ARM.Collect$$rtentry$$00000009  c_w.l(__rtentry2.o)
    0x080001ba   0x080001ba   0x00000004   Code   RO         4670    .ARM.Collect$$rtentry$$0000000A  c_w.l(__rtentry2.o)
    0x080001be   0x080001be   0x00000000   Code   RO         4672    .ARM.Collect$$rtentry$$0000000C  c_w.l(__rtentry2.o)
    0x080001be   0x080001be   0x00000008   Code   RO         4673    .ARM.Collect$$rtentry$$0000000D  c_w.l(__rtentry2.o)
    0x080001c6   0x080001c6   0x00000002   Code   RO         4700    .ARM.Collect$$rtexit$$00000000  c_w.l(rtexit.o)
    0x080001c8   0x080001c8   0x00000000   Code   RO         4756    .ARM.Collect$$rtexit$$00000002  c_w.l(rtexit2.o)
    0x080001c8   0x080001c8   0x00000004   Code   RO         4757    .ARM.Collect$$rtexit$$00000003  c_w.l(rtexit2.o)
    0x080001cc   0x080001cc   0x00000006   Code   RO         4758    .ARM.Collect$$rtexit$$00000004  c_w.l(rtexit2.o)
    0x080001d2   0x080001d2   0x00000002   PAD
    0x080001d4   0x080001d4   0x00000040   Code   RO         4649  * .text               startup_gd32f30x_cl.o
    0x08000214   0x08000214   0x00000006   Code   RO         4657    .text               c_w.l(heapauxi.o)
    0x0800021a   0x0800021a   0x0000004a   Code   RO         4683    .text               c_w.l(sys_stackheap_outer.o)
    0x08000264   0x08000264   0x00000012   Code   RO         4685    .text               c_w.l(exit.o)
    0x08000276   0x08000276   0x00000002   PAD
    0x08000278   0x08000278   0x00000008   Code   RO         4697    .text               c_w.l(libspace.o)
    0x08000280   0x08000280   0x0000000c   Code   RO         4753    .text               c_w.l(sys_exit.o)
    0x0800028c   0x0800028c   0x00000002   Code   RO         4772    .text               c_w.l(use_no_semi.o)
    0x0800028e   0x0800028e   0x00000000   Code   RO         4774    .text               c_w.l(indicate_semi.o)
    0x0800028e   0x0800028e   0x00000002   PAD
    0x08000290   0x08000290   0x000000a8   Code   RO         4607    i.SystemInit        system_gd32f30x.o
    0x08000338   0x08000338   0x00000004   Code   RO            3    i.main              main.o
    0x0800033c   0x0800033c   0x00000138   Code   RO         4608    i.system_clock_120m_hxtal  system_gd32f30x.o
    0x08000474   0x08000474   0x00000008   Code   RO         4609    i.system_clock_config  system_gd32f30x.o
    0x0800047c   0x0800047c   0x0000000a   Code   RO         4768    x$fpl$fpinit        fz_wm.l(fpinit.o)
    0x08000486   0x08000486   0x00000002   PAD
    0x08000488   0x08000488   0x00000010   Data   RO         4824    Region$$Table       anon$$obj.o


    Execution Region ER_RW (Exec base: 0x20000000, Load base: 0x08000498, Size: 0x00000000, Max: 0xffffffff, ABSOLUTE)

    **** No section assigned to this execution region ****


    Execution Region ER_ZI (Exec base: 0x20000000, Load base: 0x08000498, Size: 0x00000860, Max: 0xffffffff, ABSOLUTE)

    Exec Addr    Load Addr    Size         Type   Attr      Idx    E Section Name        Object

    0x20000000        -       0x00000060   Zero   RW         4698    .bss                c_w.l(libspace.o)
    0x20000060        -       0x00000400   Zero   RW         4647    HEAP                startup_gd32f30x_cl.o
    0x20000460        -       0x00000400   Zero   RW         4646    STACK               startup_gd32f30x_cl.o


==============================================================================

Image component sizes


      Code (inc. data)   RO Data    RW Data    ZI Data      Debug   Object Name

         4          0          0          0          0       4971   main.o
        64         26        336          0       2048        920   startup_gd32f30x_cl.o
       488         36          0          0          0       2565   system_gd32f30x.o

    ----------------------------------------------------------------------
       556         62        352          0       2048       8456   Object Totals
         0          0         16          0          0          0   (incl. Generated)
         0          0          0          0          0          0   (incl. Padding)

    ----------------------------------------------------------------------

      Code (inc. data)   RO Data    RW Data    ZI Data      Debug   Library Member Name

         8          0          0          0          0         68   __main.o
         0          0          0          0          0          0   __rtentry.o
        12          0          0          0          0          0   __rtentry2.o
         6          0          0          0          0          0   __rtentry4.o
        52          8          0          0          0          0   __scatter.o
        28          0          0          0          0          0   __scatter_zi.o
        18          0          0          0          0         80   exit.o
         6          0          0          0          0        152   heapauxi.o
         0          0          0          0          0          0   indicate_semi.o
         2          0          0          0          0          0   libinit.o
         6          0          0          0          0          0   libinit2.o
         2          0          0          0          0          0   libshutdown.o
         2          0          0          0          0          0   libshutdown2.o
         8          4          0          0         96         68   libspace.o
         2          0          0          0          0          0   rtexit.o
        10          0          0          0          0          0   rtexit2.o
        12          4          0          0          0         68   sys_exit.o
        74          0          0          0          0         80   sys_stackheap_outer.o
         2          0          0          0          0         68   use_no_semi.o
        10          0          0          0          0        116   fpinit.o

    ----------------------------------------------------------------------
       268         16          0          0         96        700   Library Totals
         8          0          0          0          0          0   (incl. Padding)

    ----------------------------------------------------------------------

      Code (inc. data)   RO Data    RW Data    ZI Data      Debug   Library Name

       250         16          0          0         96        584   c_w.l
        10          0          0          0          0        116   fz_wm.l

    ----------------------------------------------------------------------
       268         16          0          0         96        700   Library Totals

    ----------------------------------------------------------------------

==============================================================================


      Code (inc. data)   RO Data    RW Data    ZI Data      Debug   

       824         78        352          0       2144       8732   Grand Totals
       824         78        352          0       2144       8732   ELF Image Totals
       824         78        352          0          0          0   ROM Totals

==============================================================================

    Total RO  Size (Code + RO Data)                 1176 (   1.15kB)
    Total RW  Size (RW Data + ZI Data)              2144 (   2.09kB)
    Total ROM Size (Code + RO Data + RW Data)       1176 (   1.15kB)

==============================================================================

